Jan 10 20:39:00 seb-VirtualBox systemd[1]: Mounted FUSE Control File System.
Jan 10 20:39:00 seb-VirtualBox systemd[1]: Condition check resulted in VMware vmblock fuse mount being skipped.
Jan 10 20:39:00 seb-VirtualBox systemd[1]: Mounted Kernel Configuration File System.
Jan 10 20:39:00 seb-VirtualBox systemd[1]: Finished Remount Root and Kernel File Systems.
Jan 10 20:39:00 seb-VirtualBox systemd[1]: Activating swap /swapfile...
Jan 10 20:39:00 seb-VirtualBox systemd[1]: Starting Flush Journal to Persistent Storage...
Jan 10 20:39:00 seb-VirtualBox systemd[1]: Starting Load/Save Random Seed...
Jan 10 20:39:00 seb-VirtualBox systemd[1]: Starting Create System Users...
Jan 10 20:39:00 seb-VirtualBox systemd[1]: modprobe@efi_pstore.service: Deactivated successfully.
Jan 10 20:39:00 seb-VirtualBox systemd[1]: Finished Load Kernel Module efi_pstore.
Jan 10 20:39:00 seb-VirtualBox systemd[1]: Condition check resulted in Platform Persistent Storage Archival being skipped.
Jan 10 20:39:00 seb-VirtualBox systemd[1]: modprobe@drm.service: Deactivated successfully.
Jan 10 20:39:00 seb-VirtualBox systemd[1]: Finished Load Kernel Module drm.
Jan 10 20:39:00 seb-VirtualBox systemd[1]: Finished Load/Save Random Seed.
Jan 10 20:39:00 seb-VirtualBox systemd[1]: Condition check resulted in First Boot Complete being skipped.
Jan 10 20:39:00 seb-VirtualBox systemd-modules-load[178]: Inserted module 'lp'
Jan 10 20:39:00 seb-VirtualBox systemd[1]: Finished Flush Journal to Persistent Storage.
Jan 10 20:39:00 seb-VirtualBox systemd[1]: Activated swap /swapfile.
Jan 10 20:39:00 seb-VirtualBox systemd[1]: Reached target Swaps.
Jan 10 20:39:00 seb-VirtualBox systemd[1]: Finished Set the console keyboard layout.
Jan 10 20:39:00 seb-VirtualBox systemd-modules-load[178]: Inserted module 'ppdev'
Jan 10 20:39:00 seb-VirtualBox systemd[1]: Finished Coldplug All udev Devices.
Jan 10 20:39:00 seb-VirtualBox systemd-modules-load[178]: Inserted module 'parport_pc'
Jan 10 20:39:00 seb-VirtualBox systemd[1]: Finished Create System Users.
Jan 10 20:39:00 seb-VirtualBox systemd-modules-load[178]: Inserted module 'msr'
Jan 10 20:39:00 seb-VirtualBox systemd[1]: Starting Create Static Device Nodes in /dev...
Jan 10 20:39:00 seb-VirtualBox systemd-modules-load[178]: Module 'fuse' is built in
Jan 10 20:39:00 seb-VirtualBox systemd[1]: Finished Create Static Device Nodes in /dev.
Jan 10 20:39:00 seb-VirtualBox systemd[1]: Reached target Preparation for Local File Systems.
Jan 10 20:39:00 seb-VirtualBox systemd[1]: Mounting Mount unit for bare, revision 5...
Jan 10 20:39:00 seb-VirtualBox systemd[1]: Mounting Mount unit for core20, revision 1974...
Jan 10 20:39:00 seb-VirtualBox systemd-modules-load[178]: Inserted module 'vmwgfx'
Jan 10 20:39:00 seb-VirtualBox systemd[1]: Mounting Mount unit for core22, revision 858...
Jan 10 20:39:00 seb-VirtualBox systemd[1]: Mounting Mount unit for firefox, revision 2987...
Jan 10 20:39:00 seb-VirtualBox systemd[1]: Mounting Mount unit for gnome-3-38-2004, revision 143...
Jan 10 20:39:00 seb-VirtualBox systemd[1]: Mounting Mount unit for gnome-42-2204, revision 120...
Jan 10 20:39:00 seb-VirtualBox systemd[1]: Mounting Mount unit for gtk-common-themes, revision 1535...
Jan 10 20:39:00 seb-VirtualBox systemd[1]: Mounting Mount unit for snap-store, revision 959...
Jan 10 20:39:00 seb-VirtualBox systemd[1]: Mounting Mount unit for snapd, revision 19457...
Jan 10 20:39:00 seb-VirtualBox systemd[1]: Mounting Mount unit for snapd-desktop-integration, revision 83...
Jan 10 20:39:00 seb-VirtualBox systemd[1]: Starting Rule-based Manager for Device Events and Files...
Jan 10 20:39:00 seb-VirtualBox systemd[1]: Finished Load Kernel Modules.
Jan 10 20:39:00 seb-VirtualBox systemd[1]: Mounted Mount unit for bare, revision 5.
Jan 10 20:39:00 seb-VirtualBox systemd[1]: Mounted Mount unit for core20, revision 1974.
Jan 10 20:39:00 seb-VirtualBox systemd[1]: Mounted Mount unit for core22, revision 858.
Jan 10 20:39:00 seb-VirtualBox systemd[1]: Mounted Mount unit for firefox, revision 2987.
Jan 10 20:39:00 seb-VirtualBox systemd[1]: Mounted Mount unit for gtk-common-themes, revision 1535.
Jan 10 20:39:00 seb-VirtualBox systemd[1]: Mounted Mount unit for snap-store, revision 959.
Jan 10 20:39:00 seb-VirtualBox systemd[1]: Starting Apply Kernel Variables...
Jan 10 20:39:00 seb-VirtualBox systemd[1]: Mounted Mount unit for snapd, revision 19457.
Jan 10 20:39:00 seb-VirtualBox systemd[1]: Mounted Mount unit for gnome-42-2204, revision 120.
Jan 10 20:39:00 seb-VirtualBox systemd[1]: Mounted Mount unit for snapd-desktop-integration, revision 83.
Jan 10 20:39:00 seb-VirtualBox systemd[1]: Mounted Mount unit for gnome-3-38-2004, revision 143.
Jan 10 20:39:00 seb-VirtualBox systemd[1]: Reached target Mounted snaps.
Jan 10 20:39:00 seb-VirtualBox systemd[1]: Finished Apply Kernel Variables.
Jan 10 20:39:00 seb-VirtualBox systemd[1]: Started Rule-based Manager for Device Events and Files.
Jan 10 20:39:00 seb-VirtualBox systemd[1]: Starting Show Plymouth Boot Screen...
Jan 10 20:39:00 seb-VirtualBox systemd[1]: Received SIGRTMIN+20 from PID 234 (plymouthd).
Jan 10 20:39:00 seb-VirtualBox systemd[1]: Started Show Plymouth Boot Screen.
Jan 10 20:39:00 seb-VirtualBox systemd[1]: Condition check resulted in Dispatch Password Requests to Console Directory Watch being skipped.
Jan 10 20:39:00 seb-VirtualBox systemd[1]: Started Forward Password Requests to Plymouth Directory Watch.
Jan 10 20:39:00 seb-VirtualBox systemd[1]: Reached target Local Encrypted Volumes.
Jan 10 20:39:00 seb-VirtualBox systemd-udevd[230]: Using default interface naming scheme 'v249'.
Jan 10 20:39:00 seb-VirtualBox systemd-udevd[219]: sda: Process '/usr/bin/unshare -m /usr/bin/snap auto-import --mount=/dev/sda' failed with exit code 1.
Jan 10 20:39:00 seb-VirtualBox mtp-probe: checking bus 1, device 2: "/sys/devices/pci0000:00/0000:00:06.0/usb1/1-1"
Jan 10 20:39:00 seb-VirtualBox mtp-probe: bus: 1, device: 2 was not an MTP device
Jan 10 20:39:00 seb-VirtualBox systemd-udevd[222]: sr0: Process '/usr/bin/unshare -m /usr/bin/snap auto-import --mount=/dev/sr0' failed with exit code 1.
Jan 10 20:39:00 seb-VirtualBox systemd[1]: Listening on Load/Save RF Kill Switch Status /dev/rfkill Watch.
Jan 10 20:39:00 seb-VirtualBox systemd-udevd[219]: sda1: Process '/usr/bin/unshare -m /usr/bin/snap auto-import --mount=/dev/sda1' failed with exit code 1.
Jan 10 20:39:00 seb-VirtualBox systemd-udevd[223]: sda2: Process '/usr/bin/unshare -m /usr/bin/snap auto-import --mount=/dev/sda2' failed with exit code 1.
Jan 10 20:39:00 seb-VirtualBox systemd[1]: Found device VBOX_HARDDISK EFI\x20System\x20Partition.
Jan 10 20:39:00 seb-VirtualBox systemd[1]: Starting File System Check on /dev/disk/by-uuid/BD12-D652...
Jan 10 20:39:00 seb-VirtualBox systemd-udevd[225]: sda3: Process '/usr/bin/unshare -m /usr/bin/snap auto-import --mount=/dev/sda3' failed with exit code 1.
Jan 10 20:39:00 seb-VirtualBox systemd[1]: Started File System Check Daemon to report status.
Jan 10 20:39:00 seb-VirtualBox systemd-fsck[411]: fsck.fat 4.2 (2021-01-31)
Jan 10 20:39:00 seb-VirtualBox systemd-fsck[411]: /dev/sda2: 11 files, 1555/131063 clusters
Jan 10 20:39:00 seb-VirtualBox systemd[1]: Finished File System Check on /dev/disk/by-uuid/BD12-D652.
Jan 10 20:39:00 seb-VirtualBox systemd[1]: Mounting /boot/efi...
Jan 10 20:39:00 seb-VirtualBox systemd[1]: Mounted /boot/efi.
Jan 10 20:39:00 seb-VirtualBox systemd[1]: Reached target Local File Systems.
Jan 10 20:39:00 seb-VirtualBox systemd[1]: Starting Load AppArmor profiles...
Jan 10 20:39:00 seb-VirtualBox systemd[1]: Starting Set console font and keymap...
Jan 10 20:39:00 seb-VirtualBox systemd[1]: Starting Tell Plymouth To Write Out Runtime Data...
Jan 10 20:39:00 seb-VirtualBox systemd[1]: Starting Set Up Additional Binary Formats...
Jan 10 20:39:00 seb-VirtualBox systemd[1]: Condition check resulted in Store a System Token in an EFI Variable being skipped.
Jan 10 20:39:00 seb-VirtualBox systemd[1]: Condition check resulted in Commit a transient machine-id on disk being skipped.
Jan 10 20:39:00 seb-VirtualBox systemd[1]: Starting Create Volatile Files and Directories...
Jan 10 20:39:00 seb-VirtualBox systemd[1]: Starting Uncomplicated firewall...
Jan 10 20:39:00 seb-VirtualBox kernel: [    0.000000] Linux version 6.5.0-14-generic (buildd@lcy02-amd64-110) (x86_64-linux-gnu-gcc-12 (Ubuntu 12.3.0-1ubuntu1~22.04) 12.3.0, GNU ld (GNU Binutils for Ubuntu) 2.38) #14~22.04.1-Ubuntu SMP PREEMPT_DYNAMIC Mon Nov 20 18:15:30 UTC 2 (Ubuntu 6.5.0-14.14~22.04.1-generic 6.5.3)
Jan 10 20:39:00 seb-VirtualBox kernel: [    0.000000] Command line: BOOT_IMAGE=/boot/vmlinuz-6.5.0-14-generic root=UUID=e4dd4693-bfe0-46aa-b3df-ff2a220386cd ro quiet splash
Jan 10 20:39:00 seb-VirtualBox kernel: [    0.000000] KERNEL supported cpus:
Jan 10 20:39:00 seb-VirtualBox kernel: [    0.000000]   Intel GenuineIntel
Jan 10 20:39:00 seb-VirtualBox kernel: [    0.000000]   AMD AuthenticAMD
Jan 10 20:39:00 seb-VirtualBox kernel: [    0.000000]   Hygon HygonGenuine
Jan 10 20:39:00 seb-VirtualBox kernel: [    0.000000]   Centaur CentaurHauls
Jan 10 20:39:00 seb-VirtualBox kernel: [    0.000000]   zhaoxin   Shanghai  
Jan 10 20:39:00 seb-VirtualBox kernel: [    0.000000] [Firmware Bug]: TSC doesn't count with P0 frequency!
Jan 10 20:39:00 seb-VirtualBox kernel: [    0.000000] BIOS-provided physical RAM map:
Jan 10 20:39:00 seb-VirtualBox kernel: [    0.000000] BIOS-e820: [mem 0x0000000000000000-0x000000000009fbff] usable
Jan 10 20:39:00 seb-VirtualBox kernel: [    0.000000] BIOS-e820: [mem 0x000000000009fc00-0x000000000009ffff] reserved
Jan 10 20:39:00 seb-VirtualBox kernel: [    0.000000] BIOS-e820: [mem 0x00000000000f0000-0x00000000000fffff] reserved
Jan 10 20:39:00 seb-VirtualBox kernel: [    0.000000] BIOS-e820: [mem 0x0000000000100000-0x000000007ffeffff] usable
Jan 10 20:39:00 seb-VirtualBox kernel: [    0.000000] BIOS-e820: [mem 0x000000007fff0000-0x000000007fffffff] ACPI data
Jan 10 20:39:00 seb-VirtualBox kernel: [    0.000000] BIOS-e820: [mem 0x00000000fec00000-0x00000000fec00fff] reserved
Jan 10 20:39:00 seb-VirtualBox kernel: [    0.000000] BIOS-e820: [mem 0x00000000fee00000-0x00000000fee00fff] reserved
Jan 10 20:39:00 seb-VirtualBox kernel: [    0.000000] BIOS-e820: [mem 0x00000000fffc0000-0x00000000ffffffff] reserved
Jan 10 20:39:00 seb-VirtualBox kernel: [    0.000000] NX (Execute Disable) protection: active
Jan 10 20:39:00 seb-VirtualBox kernel: [    0.000000] SMBIOS 2.5 present.
Jan 10 20:39:00 seb-VirtualBox kernel: [    0.000000] DMI: innotek GmbH VirtualBox/VirtualBox, BIOS VirtualBox 12/01/2006
Jan 10 20:39:00 seb-VirtualBox kernel: [    0.000000] Hypervisor detected: KVM
Jan 10 20:39:00 seb-VirtualBox kernel: [    0.000000] kvm-clock: Using msrs 4b564d01 and 4b564d00
Jan 10 20:39:00 seb-VirtualBox kernel: [    0.000003] kvm-clock: using sched offset of 4247837067 cycles
Jan 10 20:39:00 seb-VirtualBox kernel: [    0.000005] clocksource: kvm-clock: mask: 0xffffffffffffffff max_cycles: 0x1cd42e4dffb, max_idle_ns: 881590591483 ns
Jan 10 20:39:00 seb-VirtualBox kernel: [    0.000008] tsc: Detected 3693.062 MHz processor
Jan 10 20:39:00 seb-VirtualBox kernel: [    0.001143] e820: update [mem 0x00000000-0x00000fff] usable ==> reserved
Jan 10 20:39:00 seb-VirtualBox kernel: [    0.001148] e820: remove [mem 0x000a0000-0x000fffff] usable
Jan 10 20:39:00 seb-VirtualBox kernel: [    0.001153] last_pfn = 0x7fff0 max_arch_pfn = 0x400000000
Jan 10 20:39:00 seb-VirtualBox kernel: [    0.001161] MTRRs disabled by BIOS
Jan 10 20:39:00 seb-VirtualBox kernel: [    0.001164] x86/PAT: Configuration [0-7]: WB  WC  UC- UC  WB  WP  UC- WT  
Jan 10 20:39:00 seb-VirtualBox kernel: [    0.001210] found SMP MP-table at [mem 0x0009fff0-0x0009ffff]
Jan 10 20:39:00 seb-VirtualBox kernel: [    0.001426] RAMDISK: [mem 0x2fafd000-0x33d75fff]
Jan 10 20:39:00 seb-VirtualBox kernel: [    0.001433] ACPI: Early table checksum verification disabled
Jan 10 20:39:00 seb-VirtualBox kernel: [    0.001453] ACPI: RSDP 0x00000000000E0000 000024 (v02 VBOX  )
Jan 10 20:39:00 seb-VirtualBox kernel: [    0.001457] ACPI: XSDT 0x000000007FFF0030 00003C (v01 VBOX   VBOXXSDT 00000001 ASL  00000061)
Jan 10 20:39:00 seb-VirtualBox kernel: [    0.001463] ACPI: FACP 0x000000007FFF00F0 0000F4 (v04 VBOX   VBOXFACP 00000001 ASL  00000061)
Jan 10 20:39:00 seb-VirtualBox kernel: [    0.001468] ACPI: DSDT 0x000000007FFF0610 002353 (v02 VBOX   VBOXBIOS 00000002 INTL 20100528)
Jan 10 20:39:00 seb-VirtualBox kernel: [    0.001471] ACPI: FACS 0x000000007FFF0200 000040
Jan 10 20:39:00 seb-VirtualBox kernel: [    0.001473] ACPI: FACS 0x000000007FFF0200 000040
Jan 10 20:39:00 seb-VirtualBox kernel: [    0.001475] ACPI: APIC 0x000000007FFF0240 000054 (v02 VBOX   VBOXAPIC 00000001 ASL  00000061)
Jan 10 20:39:00 seb-VirtualBox kernel: [    0.001477] ACPI: SSDT 0x000000007FFF02A0 00036C (v01 VBOX   VBOXCPUT 00000002 INTL 20100528)
Jan 10 20:39:00 seb-VirtualBox kernel: [    0.001480] ACPI: Reserving FACP table memory at [mem 0x7fff00f0-0x7fff01e3]
Jan 10 20:39:00 seb-VirtualBox kernel: [    0.001481] ACPI: Reserving DSDT table memory at [mem 0x7fff0610-0x7fff2962]
Jan 10 20:39:00 seb-VirtualBox kernel: [    0.001482] ACPI: Reserving FACS table memory at [mem 0x7fff0200-0x7fff023f]
Jan 10 20:39:00 seb-VirtualBox kernel: [    0.001482] ACPI: Reserving FACS table memory at [mem 0x7fff0200-0x7fff023f]
Jan 10 20:39:00 seb-VirtualBox kernel: [    0.001483] ACPI: Reserving APIC table memory at [mem 0x7fff0240-0x7fff0293]
Jan 10 20:39:00 seb-VirtualBox kernel: [    0.001483] ACPI: Reserving SSDT table memory at [mem 0x7fff02a0-0x7fff060b]
Jan 10 20:39:00 seb-VirtualBox kernel: [    0.001709] No NUMA configuration found
Jan 10 20:39:00 seb-VirtualBox kernel: [    0.001710] Faking a node at [mem 0x0000000000000000-0x000000007ffeffff]
Jan 10 20:39:00 seb-VirtualBox kernel: [    0.001718] NODE_DATA(0) allocated [mem 0x7ffc5000-0x7ffeffff]
Jan 10 20:39:00 seb-VirtualBox kernel: [    0.001863] Zone ranges:
Jan 10 20:39:00 seb-VirtualBox kernel: [    0.001864]   DMA      [mem 0x0000000000001000-0x0000000000ffffff]
Jan 10 20:39:00 seb-VirtualBox kernel: [    0.001866]   DMA32    [mem 0x0000000001000000-0x000000007ffeffff]
Jan 10 20:39:00 seb-VirtualBox kernel: [    0.001868]   Normal   empty
Jan 10 20:39:00 seb-VirtualBox kernel: [    0.001869]   Device   empty
Jan 10 20:39:00 seb-VirtualBox kernel: [    0.001869] Movable zone start for each node
Jan 10 20:39:00 seb-VirtualBox kernel: [    0.001871] Early memory node ranges
Jan 10 20:39:00 seb-VirtualBox kernel: [    0.001871]   node   0: [mem 0x0000000000001000-0x000000000009efff]
Jan 10 20:39:00 seb-VirtualBox kernel: [    0.001873]   node   0: [mem 0x0000000000100000-0x000000007ffeffff]
Jan 10 20:39:00 seb-VirtualBox kernel: [    0.001874] Initmem setup node 0 [mem 0x0000000000001000-0x000000007ffeffff]
Jan 10 20:39:00 seb-VirtualBox kernel: [    0.001878] On node 0, zone DMA: 1 pages in unavailable ranges
Jan 10 20:39:00 seb-VirtualBox kernel: [    0.001899] On node 0, zone DMA: 97 pages in unavailable ranges
Jan 10 20:39:00 seb-VirtualBox kernel: [    0.006835] On node 0, zone DMA32: 16 pages in unavailable ranges
Jan 10 20:39:00 seb-VirtualBox kernel: [    0.007143] ACPI: PM-Timer IO Port: 0x4008
Jan 10 20:39:00 seb-VirtualBox kernel: [    0.007209] IOAPIC[0]: apic_id 1, version 32, address 0xfec00000, GSI 0-23
Jan 10 20:39:00 seb-VirtualBox kernel: [    0.007212] ACPI: INT_SRC_OVR (bus 0 bus_irq 0 global_irq 2 dfl dfl)
Jan 10 20:39:00 seb-VirtualBox kernel: [    0.007214] ACPI: INT_SRC_OVR (bus 0 bus_irq 9 global_irq 9 low level)
Jan 10 20:39:00 seb-VirtualBox kernel: [    0.007219] ACPI: Using ACPI (MADT) for SMP configuration information
Jan 10 20:39:00 seb-VirtualBox kernel: [    0.007224] smpboot: Allowing 1 CPUs, 0 hotplug CPUs
Jan 10 20:39:00 seb-VirtualBox kernel: [    0.007246] PM: hibernation: Registered nosave memory: [mem 0x00000000-0x00000fff]
Jan 10 20:39:00 seb-VirtualBox kernel: [    0.007248] PM: hibernation: Registered nosave memory: [mem 0x0009f000-0x0009ffff]
Jan 10 20:39:00 seb-VirtualBox kernel: [    0.007249] PM: hibernation: Registered nosave memory: [mem 0x000a0000-0x000effff]
Jan 10 20:39:00 seb-VirtualBox kernel: [    0.007250] PM: hibernation: Registered nosave memory: [mem 0x000f0000-0x000fffff]
Jan 10 20:39:00 seb-VirtualBox kernel: [    0.007252] [mem 0x80000000-0xfebfffff] available for PCI devices
Jan 10 20:39:00 seb-VirtualBox kernel: [    0.007253] Booting paravirtualized kernel on KVM
Jan 10 20:39:00 seb-VirtualBox kernel: [    0.007257] clocksource: refined-jiffies: mask: 0xffffffff max_cycles: 0xffffffff, max_idle_ns: 7645519600211568 ns
Jan 10 20:39:00 seb-VirtualBox kernel: [    0.007265] setup_percpu: NR_CPUS:8192 nr_cpumask_bits:1 nr_cpu_ids:1 nr_node_ids:1
Jan 10 20:39:00 seb-VirtualBox kernel: [    0.007700] percpu: Embedded 63 pages/cpu s221184 r8192 d28672 u2097152
Jan 10 20:39:00 seb-VirtualBox kernel: [    0.007705] pcpu-alloc: s221184 r8192 d28672 u2097152 alloc=1*2097152
Jan 10 20:39:00 seb-VirtualBox kernel: [    0.007707] pcpu-alloc: [0] 0 
Jan 10 20:39:00 seb-VirtualBox kernel: [    0.007723] kvm-guest: PV spinlocks disabled, single CPU
Jan 10 20:39:00 seb-VirtualBox kernel: [    0.007729] Kernel command line: BOOT_IMAGE=/boot/vmlinuz-6.5.0-14-generic root=UUID=e4dd4693-bfe0-46aa-b3df-ff2a220386cd ro quiet splash
Jan 10 20:39:00 seb-VirtualBox kernel: [    0.007792] Unknown kernel command line parameters "splash BOOT_IMAGE=/boot/vmlinuz-6.5.0-14-generic", will be passed to user space.
Jan 10 20:39:00 seb-VirtualBox kernel: [    0.007825] random: crng init done
Jan 10 20:39:00 seb-VirtualBox kernel: [    0.008323] Dentry cache hash table entries: 262144 (order: 9, 2097152 bytes, linear)
Jan 10 20:39:00 seb-VirtualBox kernel: [    0.008446] Inode-cache hash table entries: 131072 (order: 8, 1048576 bytes, linear)
Jan 10 20:39:00 seb-VirtualBox kernel: [    0.008477] Fallback order for Node 0: 0 
Jan 10 20:39:00 seb-VirtualBox kernel: [    0.008481] Built 1 zonelists, mobility grouping on.  Total pages: 515824
Jan 10 20:39:00 seb-VirtualBox kernel: [    0.008483] Policy zone: DMA32
Jan 10 20:39:00 seb-VirtualBox kernel: [    0.008489] mem auto-init: stack:all(zero), heap alloc:on, heap free:off
Jan 10 20:39:00 seb-VirtualBox kernel: [    0.014589] Memory: 1929916K/2096696K available (20480K kernel code, 4265K rwdata, 13180K rodata, 4792K init, 17396K bss, 166520K reserved, 0K cma-reserved)
Jan 10 20:39:00 seb-VirtualBox kernel: [    0.014816] SLUB: HWalign=64, Order=0-3, MinObjects=0, CPUs=1, Nodes=1
Jan 10 20:39:00 seb-VirtualBox kernel: [    0.014875] ftrace: allocating 55226 entries in 216 pages
Jan 10 20:39:00 seb-VirtualBox kernel: [    0.024854] ftrace: allocated 216 pages with 4 groups
Jan 10 20:39:00 seb-VirtualBox kernel: [    0.025861] Dynamic Preempt: voluntary
Jan 10 20:39:00 seb-VirtualBox kernel: [    0.025887] rcu: Preemptible hierarchical RCU implementation.
Jan 10 20:39:00 seb-VirtualBox kernel: [    0.025888] rcu: 	RCU restricting CPUs from NR_CPUS=8192 to nr_cpu_ids=1.
Jan 10 20:39:00 seb-VirtualBox kernel: [    0.025889] 	Trampoline variant of Tasks RCU enabled.
Jan 10 20:39:00 seb-VirtualBox kernel: [    0.025890] 	Rude variant of Tasks RCU enabled.
Jan 10 20:39:00 seb-VirtualBox kernel: [    0.025890] 	Tracing variant of Tasks RCU enabled.
Jan 10 20:39:00 seb-VirtualBox kernel: [    0.025891] rcu: RCU calculated value of scheduler-enlistment delay is 25 jiffies.
Jan 10 20:39:00 seb-VirtualBox kernel: [    0.025892] rcu: Adjusting geometry for rcu_fanout_leaf=16, nr_cpu_ids=1
Jan 10 20:39:00 seb-VirtualBox kernel: [    0.028197] NR_IRQS: 524544, nr_irqs: 256, preallocated irqs: 16
Jan 10 20:39:00 seb-VirtualBox kernel: [    0.028400] rcu: srcu_init: Setting srcu_struct sizes based on contention.
Jan 10 20:39:00 seb-VirtualBox kernel: [    0.035200] Console: colour VGA+ 80x25
Jan 10 20:39:00 seb-VirtualBox kernel: [    0.035203] printk: console [tty0] enabled
Jan 10 20:39:00 seb-VirtualBox kernel: [    0.035242] ACPI: Core revision 20230331
Jan 10 20:39:00 seb-VirtualBox kernel: [    0.035336] APIC: Switch to symmetric I/O mode setup
Jan 10 20:39:00 seb-VirtualBox kernel: [    0.035517] x2apic enabled
Jan 10 20:39:00 seb-VirtualBox kernel: [    0.035686] Switched APIC routing to physical x2apic.
Jan 10 20:39:00 seb-VirtualBox kernel: [    0.036554] ..TIMER: vector=0x30 apic1=0 pin1=2 apic2=-1 pin2=-1
Jan 10 20:39:00 seb-VirtualBox kernel: [    0.036574] clocksource: tsc-early: mask: 0xffffffffffffffff max_cycles: 0x6a7777116fa, max_idle_ns: 881590883556 ns
Jan 10 20:39:00 seb-VirtualBox kernel: [    0.036583] Calibrating delay loop (skipped) preset value.. 7386.12 BogoMIPS (lpj=14772248)
Jan 10 20:39:00 seb-VirtualBox kernel: [    0.036645] CPU0: Hyper-Threading is disabled
Jan 10 20:39:00 seb-VirtualBox kernel: [    0.036665] process: using mwait in idle threads
Jan 10 20:39:00 seb-VirtualBox kernel: [    0.036668] Last level iTLB entries: 4KB 1024, 2MB 1024, 4MB 512
Jan 10 20:39:00 seb-VirtualBox kernel: [    0.036669] Last level dTLB entries: 4KB 2048, 2MB 2048, 4MB 1024, 1GB 0
Jan 10 20:39:00 seb-VirtualBox kernel: [    0.036672] Spectre V1 : Mitigation: usercopy/swapgs barriers and __user pointer sanitization
Jan 10 20:39:00 seb-VirtualBox kernel: [    0.036674] Spectre V2 : Mitigation: Retpolines
Jan 10 20:39:00 seb-VirtualBox kernel: [    0.036675] Spectre V2 : Spectre v2 / SpectreRSB mitigation: Filling RSB on context switch
Jan 10 20:39:00 seb-VirtualBox kernel: [    0.036676] Spectre V2 : Spectre v2 / SpectreRSB : Filling RSB on VMEXIT
Jan 10 20:39:00 seb-VirtualBox kernel: [    0.036677] RETBleed: Mitigation: untrained return thunk
Jan 10 20:39:00 seb-VirtualBox kernel: [    0.036679] Speculative Return Stack Overflow: IBPB-extending microcode not applied!
Jan 10 20:39:00 seb-VirtualBox kernel: [    0.036680] Speculative Return Stack Overflow: WARNING: See https://kernel.org/doc/html/latest/admin-guide/hw-vuln/srso.html for mitigation options.
Jan 10 20:39:00 seb-VirtualBox kernel: [    0.036681] Speculative Return Stack Overflow: Mitigation: safe RET, no microcode
Jan 10 20:39:00 seb-VirtualBox kernel: [    0.036695] x86/fpu: Supporting XSAVE feature 0x001: 'x87 floating point registers'
Jan 10 20:39:00 seb-VirtualBox kernel: [    0.036696] x86/fpu: Supporting XSAVE feature 0x002: 'SSE registers'
Jan 10 20:39:00 seb-VirtualBox kernel: [    0.036697] x86/fpu: Supporting XSAVE feature 0x004: 'AVX registers'
Jan 10 20:39:00 seb-VirtualBox kernel: [    0.036698] x86/fpu: xstate_offset[2]:  576, xstate_sizes[2]:  256
Jan 10 20:39:00 seb-VirtualBox kernel: [    0.036699] x86/fpu: Enabled xstate features 0x7, context size is 832 bytes, using 'standard' format.
Jan 10 20:39:00 seb-VirtualBox kernel: [    0.065800] Freeing SMP alternatives memory: 44K
Jan 10 20:39:00 seb-VirtualBox kernel: [    0.065808] pid_max: default: 32768 minimum: 301
Jan 10 20:39:00 seb-VirtualBox kernel: [    0.065865] LSM: initializing lsm=lockdown,capability,landlock,yama,apparmor,integrity
Jan 10 20:39:00 seb-VirtualBox kernel: [    0.065883] landlock: Up and running.
Jan 10 20:39:00 seb-VirtualBox kernel: [    0.065884] Yama: becoming mindful.
Jan 10 20:39:00 seb-VirtualBox kernel: [    0.065914] AppArmor: AppArmor initialized
Jan 10 20:39:00 seb-VirtualBox kernel: [    0.065956] Mount-cache hash table entries: 4096 (order: 3, 32768 bytes, linear)
Jan 10 20:39:00 seb-VirtualBox kernel: [    0.065962] Mountpoint-cache hash table entries: 4096 (order: 3, 32768 bytes, linear)
Jan 10 20:39:00 seb-VirtualBox kernel: [    0.174578] smpboot: CPU0: AMD Ryzen 5 PRO 4650G with Radeon Graphics (family: 0x17, model: 0x60, stepping: 0x1)
Jan 10 20:39:00 seb-VirtualBox kernel: [    0.174814] RCU Tasks: Setting shift to 0 and lim to 1 rcu_task_cb_adjust=1.
Jan 10 20:39:00 seb-VirtualBox kernel: [    0.174831] RCU Tasks Rude: Setting shift to 0 and lim to 1 rcu_task_cb_adjust=1.
Jan 10 20:39:00 seb-VirtualBox kernel: [    0.174847] RCU Tasks Trace: Setting shift to 0 and lim to 1 rcu_task_cb_adjust=1.
Jan 10 20:39:00 seb-VirtualBox kernel: [    0.174866] Performance Events: PMU not available due to virtualization, using software events only.
Jan 10 20:39:00 seb-VirtualBox kernel: [    0.174893] signal: max sigframe size: 1776
Jan 10 20:39:00 seb-VirtualBox kernel: [    0.174931] rcu: Hierarchical SRCU implementation.
Jan 10 20:39:00 seb-VirtualBox kernel: [    0.174933] rcu: 	Max phase no-delay instances is 1000.
Jan 10 20:39:00 seb-VirtualBox kernel: [    0.175329] NMI watchdog: Perf NMI watchdog permanently disabled
Jan 10 20:39:00 seb-VirtualBox kernel: [    0.175359] smp: Bringing up secondary CPUs ...
Jan 10 20:39:00 seb-VirtualBox kernel: [    0.175369] smp: Brought up 1 node, 1 CPU
Jan 10 20:39:00 seb-VirtualBox kernel: [    0.175371] smpboot: Max logical packages: 1
Jan 10 20:39:00 seb-VirtualBox kernel: [    0.175372] smpboot: Total of 1 processors activated (7386.12 BogoMIPS)
Jan 10 20:39:00 seb-VirtualBox kernel: [    0.175599] devtmpfs: initialized
Jan 10 20:39:00 seb-VirtualBox kernel: [    0.175684] x86/mm: Memory block size: 128MB
Jan 10 20:39:00 seb-VirtualBox kernel: [    0.176244] clocksource: jiffies: mask: 0xffffffff max_cycles: 0xffffffff, max_idle_ns: 7645041785100000 ns
Jan 10 20:39:00 seb-VirtualBox kernel: [    0.176251] futex hash table entries: 256 (order: 2, 16384 bytes, linear)
Jan 10 20:39:00 seb-VirtualBox kernel: [    0.176297] pinctrl core: initialized pinctrl subsystem
Jan 10 20:39:00 seb-VirtualBox kernel: [    0.176389] PM: RTC time: 12:38:31, date: 2024-01-10
Jan 10 20:39:00 seb-VirtualBox kernel: [    0.176578] NET: Registered PF_NETLINK/PF_ROUTE protocol family
Jan 10 20:39:00 seb-VirtualBox kernel: [    0.176578] DMA: preallocated 256 KiB GFP_KERNEL pool for atomic allocations
Jan 10 20:39:00 seb-VirtualBox kernel: [    0.176578] DMA: preallocated 256 KiB GFP_KERNEL|GFP_DMA pool for atomic allocations
Jan 10 20:39:00 seb-VirtualBox kernel: [    0.176578] DMA: preallocated 256 KiB GFP_KERNEL|GFP_DMA32 pool for atomic allocations
Jan 10 20:39:00 seb-VirtualBox kernel: [    0.176578] audit: initializing netlink subsys (disabled)
Jan 10 20:39:00 seb-VirtualBox kernel: [    0.176578] thermal_sys: Registered thermal governor 'fair_share'
Jan 10 20:39:00 seb-VirtualBox kernel: [    0.176578] thermal_sys: Registered thermal governor 'bang_bang'
Jan 10 20:39:00 seb-VirtualBox kernel: [    0.176578] thermal_sys: Registered thermal governor 'step_wise'
Jan 10 20:39:00 seb-VirtualBox kernel: [    0.176578] thermal_sys: Registered thermal governor 'user_space'
Jan 10 20:39:00 seb-VirtualBox kernel: [    0.176578] thermal_sys: Registered thermal governor 'power_allocator'
Jan 10 20:39:00 seb-VirtualBox kernel: [    0.176578] EISA bus registered
Jan 10 20:39:00 seb-VirtualBox kernel: [    0.176578] cpuidle: using governor ladder
Jan 10 20:39:00 seb-VirtualBox kernel: [    0.176578] cpuidle: using governor menu
Jan 10 20:39:00 seb-VirtualBox kernel: [    0.176578] acpiphp: ACPI Hot Plug PCI Controller Driver version: 0.5
Jan 10 20:39:00 seb-VirtualBox kernel: [    0.176578] PCI: Using configuration type 1 for base access
Jan 10 20:39:00 seb-VirtualBox kernel: [    0.176578] PCI: Using configuration type 1 for extended access
Jan 10 20:39:00 seb-VirtualBox kernel: [    0.176578] kprobes: kprobe jump-optimization is enabled. All kprobes are optimized if possible.
Jan 10 20:39:00 seb-VirtualBox kernel: [    0.176578] audit: type=2000 audit(1704890316.161:1): state=initialized audit_enabled=0 res=1
Jan 10 20:39:00 seb-VirtualBox kernel: [    0.204696] HugeTLB: registered 2.00 MiB page size, pre-allocated 0 pages
Jan 10 20:39:00 seb-VirtualBox kernel: [    0.204701] HugeTLB: 28 KiB vmemmap can be freed for a 2.00 MiB page
Jan 10 20:39:00 seb-VirtualBox kernel: [    0.205163] ACPI: Added _OSI(Module Device)
Jan 10 20:39:00 seb-VirtualBox kernel: [    0.205166] ACPI: Added _OSI(Processor Device)
Jan 10 20:39:00 seb-VirtualBox kernel: [    0.205167] ACPI: Added _OSI(3.0 _SCP Extensions)
Jan 10 20:39:00 seb-VirtualBox kernel: [    0.205169] ACPI: Added _OSI(Processor Aggregator Device)
Jan 10 20:39:00 seb-VirtualBox kernel: [    0.209195] ACPI: 2 ACPI AML tables successfully acquired and loaded
Jan 10 20:39:00 seb-VirtualBox kernel: [    0.211625] ACPI: Interpreter enabled
Jan 10 20:39:00 seb-VirtualBox kernel: [    0.211639] ACPI: PM: (supports S0 S5)
Jan 10 20:39:00 seb-VirtualBox kernel: [    0.211641] ACPI: Using IOAPIC for interrupt routing
Jan 10 20:39:00 seb-VirtualBox kernel: [    0.212200] PCI: Using host bridge windows from ACPI; if necessary, use "pci=nocrs" and report a bug
Jan 10 20:39:00 seb-VirtualBox kernel: [    0.212202] PCI: Using E820 reservations for host bridge windows
Jan 10 20:39:00 seb-VirtualBox kernel: [    0.212352] ACPI: Enabled 2 GPEs in block 00 to 07
Jan 10 20:39:00 seb-VirtualBox kernel: [    0.220210] ACPI: PCI Root Bridge [PCI0] (domain 0000 [bus 00-ff])
Jan 10 20:39:00 seb-VirtualBox kernel: [    0.220221] acpi PNP0A03:00: _OSC: OS supports [ExtendedConfig ASPM ClockPM Segments MSI EDR HPX-Type3]
Jan 10 20:39:00 seb-VirtualBox kernel: [    0.221018] acpi PNP0A03:00: _OSC: platform does not support [PCIeCapability LTR DPC]
Jan 10 20:39:00 seb-VirtualBox kernel: [    0.221863] acpi PNP0A03:00: _OSC: not requesting control; platform does not support [PCIeCapability]
Jan 10 20:39:00 seb-VirtualBox kernel: [    0.221867] acpi PNP0A03:00: _OSC: OS requested [PCIeHotplug SHPCHotplug PME AER PCIeCapability LTR DPC]
Jan 10 20:39:00 seb-VirtualBox kernel: [    0.221869] acpi PNP0A03:00: _OSC: platform willing to grant [PCIeHotplug SHPCHotplug PME AER]
Jan 10 20:39:00 seb-VirtualBox kernel: [    0.221871] acpi PNP0A03:00: _OSC: platform retains control of PCIe features (AE_SUPPORT)
Jan 10 20:39:00 seb-VirtualBox kernel: [    0.222325] PCI host bridge to bus 0000:00
Jan 10 20:39:00 seb-VirtualBox kernel: [    0.222328] pci_bus 0000:00: root bus resource [io  0x0000-0x0cf7 window]
Jan 10 20:39:00 seb-VirtualBox kernel: [    0.222330] pci_bus 0000:00: root bus resource [io  0x0d00-0xffff window]
Jan 10 20:39:00 seb-VirtualBox kernel: [    0.222332] pci_bus 0000:00: root bus resource [mem 0x000a0000-0x000bffff window]
Jan 10 20:39:00 seb-VirtualBox kernel: [    0.222334] pci_bus 0000:00: root bus resource [mem 0x80000000-0xfdffffff window]
Jan 10 20:39:00 seb-VirtualBox kernel: [    0.222337] pci_bus 0000:00: root bus resource [bus 00-ff]
Jan 10 20:39:00 seb-VirtualBox kernel: [    0.222653] pci 0000:00:00.0: [8086:1237] type 00 class 0x060000
Jan 10 20:39:00 seb-VirtualBox kernel: [    0.223041] pci 0000:00:01.0: [8086:7000] type 00 class 0x060100
Jan 10 20:39:00 seb-VirtualBox kernel: [    0.223551] pci 0000:00:01.1: [8086:7111] type 00 class 0x01018a
Jan 10 20:39:00 seb-VirtualBox kernel: [    0.223805] pci 0000:00:01.1: reg 0x20: [io  0xd000-0xd00f]
Jan 10 20:39:00 seb-VirtualBox kernel: [    0.223911] pci 0000:00:01.1: legacy IDE quirk: reg 0x10: [io  0x01f0-0x01f7]
Jan 10 20:39:00 seb-VirtualBox kernel: [    0.223913] pci 0000:00:01.1: legacy IDE quirk: reg 0x14: [io  0x03f6]
Jan 10 20:39:00 seb-VirtualBox kernel: [    0.223915] pci 0000:00:01.1: legacy IDE quirk: reg 0x18: [io  0x0170-0x0177]
Jan 10 20:39:00 seb-VirtualBox kernel: [    0.223917] pci 0000:00:01.1: legacy IDE quirk: reg 0x1c: [io  0x0376]
Jan 10 20:39:00 seb-VirtualBox kernel: [    0.224051] pci 0000:00:02.0: [15ad:0405] type 00 class 0x030000
Jan 10 20:39:00 seb-VirtualBox kernel: [    0.224762] pci 0000:00:02.0: reg 0x10: [io  0xd010-0xd01f]
Jan 10 20:39:00 seb-VirtualBox kernel: [    0.226293] pci 0000:00:02.0: reg 0x14: [mem 0xe0000000-0xe0ffffff pref]
Jan 10 20:39:00 seb-VirtualBox kernel: [    0.227889] pci 0000:00:02.0: reg 0x18: [mem 0xf0000000-0xf01fffff]
Jan 10 20:39:00 seb-VirtualBox kernel: [    0.234446] pci 0000:00:02.0: Video device with shadowed ROM at [mem 0x000c0000-0x000dffff]
Jan 10 20:39:00 seb-VirtualBox kernel: [    0.234806] pci 0000:00:03.0: [8086:100e] type 00 class 0x020000
Jan 10 20:39:00 seb-VirtualBox kernel: [    0.236692] pci 0000:00:03.0: reg 0x10: [mem 0xf0200000-0xf021ffff]
Jan 10 20:39:00 seb-VirtualBox kernel: [    0.239601] pci 0000:00:03.0: reg 0x18: [io  0xd020-0xd027]
Jan 10 20:39:00 seb-VirtualBox kernel: [    0.245122] pci 0000:00:04.0: [80ee:cafe] type 00 class 0x088000
Jan 10 20:39:00 seb-VirtualBox kernel: [    0.246571] pci 0000:00:04.0: reg 0x10: [io  0xd040-0xd05f]
Jan 10 20:39:00 seb-VirtualBox kernel: [    0.248657] pci 0000:00:04.0: reg 0x14: [mem 0xf0400000-0xf07fffff]
Jan 10 20:39:00 seb-VirtualBox kernel: [    0.250018] pci 0000:00:04.0: reg 0x18: [mem 0xf0800000-0xf0803fff pref]
Jan 10 20:39:00 seb-VirtualBox kernel: [    0.255750] pci 0000:00:05.0: [8086:2415] type 00 class 0x040100
Jan 10 20:39:00 seb-VirtualBox kernel: [    0.255852] pci 0000:00:05.0: reg 0x10: [io  0xd100-0xd1ff]
Jan 10 20:39:00 seb-VirtualBox kernel: [    0.255898] pci 0000:00:05.0: reg 0x14: [io  0xd200-0xd23f]
Jan 10 20:39:00 seb-VirtualBox kernel: [    0.256703] pci 0000:00:06.0: [106b:003f] type 00 class 0x0c0310
Jan 10 20:39:00 seb-VirtualBox kernel: [    0.258223] pci 0000:00:06.0: reg 0x10: [mem 0xf0804000-0xf0804fff]
Jan 10 20:39:00 seb-VirtualBox kernel: [    0.266538] pci 0000:00:07.0: [8086:7113] type 00 class 0x068000
Jan 10 20:39:00 seb-VirtualBox kernel: [    0.266828] pci 0000:00:07.0: quirk: [io  0x4000-0x403f] claimed by PIIX4 ACPI
Jan 10 20:39:00 seb-VirtualBox kernel: [    0.266837] pci 0000:00:07.0: quirk: [io  0x4100-0x410f] claimed by PIIX4 SMB
Jan 10 20:39:00 seb-VirtualBox kernel: [    0.267655] pci 0000:00:0b.0: [8086:265c] type 00 class 0x0c0320
Jan 10 20:39:00 seb-VirtualBox kernel: [    0.268684] pci 0000:00:0b.0: reg 0x10: [mem 0xf0805000-0xf0805fff]
Jan 10 20:39:00 seb-VirtualBox kernel: [    0.277332] pci 0000:00:0d.0: [8086:2829] type 00 class 0x010601
Jan 10 20:39:00 seb-VirtualBox kernel: [    0.278669] pci 0000:00:0d.0: reg 0x10: [io  0xd240-0xd247]
Jan 10 20:39:00 seb-VirtualBox kernel: [    0.280611] pci 0000:00:0d.0: reg 0x14: [io  0xd248-0xd24b]
Jan 10 20:39:00 seb-VirtualBox kernel: [    0.282086] pci 0000:00:0d.0: reg 0x18: [io  0xd250-0xd257]
Jan 10 20:39:00 seb-VirtualBox kernel: [    0.283687] pci 0000:00:0d.0: reg 0x1c: [io  0xd258-0xd25b]
Jan 10 20:39:00 seb-VirtualBox kernel: [    0.284679] pci 0000:00:0d.0: reg 0x20: [io  0xd260-0xd26f]
Jan 10 20:39:00 seb-VirtualBox kernel: [    0.286279] pci 0000:00:0d.0: reg 0x24: [mem 0xf0806000-0xf0807fff]
Jan 10 20:39:00 seb-VirtualBox kernel: [    0.295137] ACPI: PCI: Interrupt link LNKA configured for IRQ 11
Jan 10 20:39:00 seb-VirtualBox kernel: [    0.295625] ACPI: PCI: Interrupt link LNKB configured for IRQ 10
Jan 10 20:39:00 seb-VirtualBox kernel: [    0.295759] ACPI: PCI: Interrupt link LNKC configured for IRQ 9
Jan 10 20:39:00 seb-VirtualBox kernel: [    0.296698] ACPI: PCI: Interrupt link LNKD configured for IRQ 11
Jan 10 20:39:00 seb-VirtualBox kernel: [    0.297040] iommu: Default domain type: Translated
Jan 10 20:39:00 seb-VirtualBox kernel: [    0.297042] iommu: DMA domain TLB invalidation policy: lazy mode
Jan 10 20:39:00 seb-VirtualBox kernel: [    0.297297] SCSI subsystem initialized
Jan 10 20:39:00 seb-VirtualBox kernel: [    0.297333] libata version 3.00 loaded.
Jan 10 20:39:00 seb-VirtualBox kernel: [    0.297371] ACPI: bus type USB registered
Jan 10 20:39:00 seb-VirtualBox kernel: [    0.297387] usbcore: registered new interface driver usbfs
Jan 10 20:39:00 seb-VirtualBox kernel: [    0.297394] usbcore: registered new interface driver hub
Jan 10 20:39:00 seb-VirtualBox kernel: [    0.297401] usbcore: registered new device driver usb
Jan 10 20:39:00 seb-VirtualBox kernel: [    0.297446] pps_core: LinuxPPS API ver. 1 registered
Jan 10 20:39:00 seb-VirtualBox kernel: [    0.297448] pps_core: Software ver. 5.3.6 - Copyright 2005-2007 Rodolfo Giometti <giometti@linux.it>
Jan 10 20:39:00 seb-VirtualBox kernel: [    0.297451] PTP clock support registered
Jan 10 20:39:00 seb-VirtualBox kernel: [    0.297520] EDAC MC: Ver: 3.0.0
Jan 10 20:39:00 seb-VirtualBox kernel: [    0.298129] NetLabel: Initializing
Jan 10 20:39:00 seb-VirtualBox kernel: [    0.298131] NetLabel:  domain hash size = 128
Jan 10 20:39:00 seb-VirtualBox kernel: [    0.298132] NetLabel:  protocols = UNLABELED CIPSOv4 CALIPSO
Jan 10 20:39:00 seb-VirtualBox kernel: [    0.298154] NetLabel:  unlabeled traffic allowed by default
Jan 10 20:39:00 seb-VirtualBox kernel: [    0.298213] mctp: management component transport protocol core
Jan 10 20:39:00 seb-VirtualBox kernel: [    0.298215] NET: Registered PF_MCTP protocol family
Jan 10 20:39:00 seb-VirtualBox kernel: [    0.298223] PCI: Using ACPI for IRQ routing
Jan 10 20:39:00 seb-VirtualBox kernel: [    0.298224] PCI: pci_cache_line_size set to 64 bytes
Jan 10 20:39:00 seb-VirtualBox kernel: [    0.298371] e820: reserve RAM buffer [mem 0x0009fc00-0x0009ffff]
Jan 10 20:39:00 seb-VirtualBox kernel: [    0.298375] e820: reserve RAM buffer [mem 0x7fff0000-0x7fffffff]
Jan 10 20:39:00 seb-VirtualBox kernel: [    0.298420] pci 0000:00:02.0: vgaarb: setting as boot VGA device
Jan 10 20:39:00 seb-VirtualBox kernel: [    0.298422] pci 0000:00:02.0: vgaarb: bridge control possible
Jan 10 20:39:00 seb-VirtualBox kernel: [    0.298424] pci 0000:00:02.0: vgaarb: VGA device added: decodes=io+mem,owns=io+mem,locks=none
Jan 10 20:39:00 seb-VirtualBox kernel: [    0.298428] vgaarb: loaded
Jan 10 20:39:00 seb-VirtualBox kernel: [    0.298604] clocksource: Switched to clocksource kvm-clock
Jan 10 20:39:00 seb-VirtualBox kernel: [    0.298800] VFS: Disk quotas dquot_6.6.0
Jan 10 20:39:00 seb-VirtualBox kernel: [    0.298815] VFS: Dquot-cache hash table entries: 512 (order 0, 4096 bytes)
Jan 10 20:39:00 seb-VirtualBox kernel: [    0.299011] AppArmor: AppArmor Filesystem Enabled
Jan 10 20:39:00 seb-VirtualBox kernel: [    0.299034] pnp: PnP ACPI init
Jan 10 20:39:00 seb-VirtualBox kernel: [    0.304816] pnp: PnP ACPI: found 2 devices
Jan 10 20:39:00 seb-VirtualBox kernel: [    0.310989] clocksource: acpi_pm: mask: 0xffffff max_cycles: 0xffffff, max_idle_ns: 2085701024 ns
Jan 10 20:39:00 seb-VirtualBox kernel: [    0.311081] NET: Registered PF_INET protocol family
Jan 10 20:39:00 seb-VirtualBox kernel: [    0.316276] IP idents hash table entries: 32768 (order: 6, 262144 bytes, linear)
Jan 10 20:39:00 seb-VirtualBox kernel: [    0.317438] tcp_listen_portaddr_hash hash table entries: 1024 (order: 2, 16384 bytes, linear)
Jan 10 20:39:00 seb-VirtualBox kernel: [    0.317491] Table-perturb hash table entries: 65536 (order: 6, 262144 bytes, linear)
Jan 10 20:39:00 seb-VirtualBox kernel: [    0.317515] TCP established hash table entries: 16384 (order: 5, 131072 bytes, linear)
Jan 10 20:39:00 seb-VirtualBox kernel: [    0.317608] TCP bind hash table entries: 16384 (order: 7, 524288 bytes, linear)
Jan 10 20:39:00 seb-VirtualBox kernel: [    0.317634] TCP: Hash tables configured (established 16384 bind 16384)
Jan 10 20:39:00 seb-VirtualBox kernel: [    0.317828] MPTCP token hash table entries: 2048 (order: 3, 49152 bytes, linear)
Jan 10 20:39:00 seb-VirtualBox kernel: [    0.317847] UDP hash table entries: 1024 (order: 3, 32768 bytes, linear)
Jan 10 20:39:00 seb-VirtualBox kernel: [    0.317857] UDP-Lite hash table entries: 1024 (order: 3, 32768 bytes, linear)
Jan 10 20:39:00 seb-VirtualBox kernel: [    0.317896] NET: Registered PF_UNIX/PF_LOCAL protocol family
Jan 10 20:39:00 seb-VirtualBox kernel: [    0.317906] NET: Registered PF_XDP protocol family
Jan 10 20:39:00 seb-VirtualBox kernel: [    0.317922] pci_bus 0000:00: resource 4 [io  0x0000-0x0cf7 window]
Jan 10 20:39:00 seb-VirtualBox kernel: [    0.317927] pci_bus 0000:00: resource 5 [io  0x0d00-0xffff window]
Jan 10 20:39:00 seb-VirtualBox kernel: [    0.317929] pci_bus 0000:00: resource 6 [mem 0x000a0000-0x000bffff window]
Jan 10 20:39:00 seb-VirtualBox kernel: [    0.317931] pci_bus 0000:00: resource 7 [mem 0x80000000-0xfdffffff window]
Jan 10 20:39:00 seb-VirtualBox kernel: [    0.318000] pci 0000:00:00.0: Limiting direct PCI/PCI transfers
Jan 10 20:39:00 seb-VirtualBox kernel: [    0.325946] PCI: CLS 0 bytes, default 64
Jan 10 20:39:00 seb-VirtualBox kernel: [    0.326031] Trying to unpack rootfs image as initramfs...
Jan 10 20:39:00 seb-VirtualBox kernel: [    0.332702] clocksource: tsc: mask: 0xffffffffffffffff max_cycles: 0x6a7777116fa, max_idle_ns: 881590883556 ns
Jan 10 20:39:00 seb-VirtualBox kernel: [    0.332720] clocksource: Switched to clocksource tsc
Jan 10 20:39:00 seb-VirtualBox kernel: [    0.332771] platform rtc_cmos: registered platform RTC device (no PNP device found)
Jan 10 20:39:00 seb-VirtualBox kernel: [    0.340895] Initialise system trusted keyrings
Jan 10 20:39:00 seb-VirtualBox kernel: [    0.340908] Key type blacklist registered
Jan 10 20:39:00 seb-VirtualBox kernel: [    0.341187] workingset: timestamp_bits=36 max_order=19 bucket_order=0
Jan 10 20:39:00 seb-VirtualBox kernel: [    0.341208] zbud: loaded
Jan 10 20:39:00 seb-VirtualBox kernel: [    0.341486] squashfs: version 4.0 (2009/01/31) Phillip Lougher
Jan 10 20:39:00 seb-VirtualBox kernel: [    0.344339] fuse: init (API version 7.38)
Jan 10 20:39:00 seb-VirtualBox kernel: [    0.344490] integrity: Platform Keyring initialized
Jan 10 20:39:00 seb-VirtualBox kernel: [    0.344493] integrity: Machine keyring initialized
Jan 10 20:39:00 seb-VirtualBox kernel: [    0.351517] jitterentropy: Initialization failed with host not compliant with requirements: 9
Jan 10 20:39:00 seb-VirtualBox kernel: [    0.351520] Key type asymmetric registered
Jan 10 20:39:00 seb-VirtualBox kernel: [    0.351522] Asymmetric key parser 'x509' registered
Jan 10 20:39:00 seb-VirtualBox kernel: [    0.351545] Block layer SCSI generic (bsg) driver version 0.4 loaded (major 243)
Jan 10 20:39:00 seb-VirtualBox kernel: [    0.352348] io scheduler mq-deadline registered
Jan 10 20:39:00 seb-VirtualBox kernel: [    0.352491] shpchp: Standard Hot Plug PCI Controller Driver version: 0.4
Jan 10 20:39:00 seb-VirtualBox kernel: [    0.352725] ACPI: AC: AC Adapter [AC] (on-line)
Jan 10 20:39:00 seb-VirtualBox kernel: [    0.352800] input: Power Button as /devices/LNXSYSTM:00/LNXPWRBN:00/input/input0
Jan 10 20:39:00 seb-VirtualBox kernel: [    0.352866] ACPI: button: Power Button [PWRF]
Jan 10 20:39:00 seb-VirtualBox kernel: [    0.352899] input: Sleep Button as /devices/LNXSYSTM:00/LNXSLPBN:00/input/input1
Jan 10 20:39:00 seb-VirtualBox kernel: [    0.352943] ACPI: button: Sleep Button [SLPF]
Jan 10 20:39:00 seb-VirtualBox kernel: [    0.356624] Serial: 8250/16550 driver, 32 ports, IRQ sharing enabled
Jan 10 20:39:00 seb-VirtualBox kernel: [    0.359243] Linux agpgart interface v0.103
Jan 10 20:39:00 seb-VirtualBox kernel: [    0.361025] loop: module loaded
Jan 10 20:39:00 seb-VirtualBox kernel: [    0.361228] ata_piix 0000:00:01.1: version 2.13
Jan 10 20:39:00 seb-VirtualBox kernel: [    0.364764] scsi host0: ata_piix
Jan 10 20:39:00 seb-VirtualBox kernel: [    0.368923] scsi host1: ata_piix
Jan 10 20:39:00 seb-VirtualBox kernel: [    0.368984] ata1: PATA max UDMA/33 cmd 0x1f0 ctl 0x3f6 bmdma 0xd000 irq 14
Jan 10 20:39:00 seb-VirtualBox kernel: [    0.368987] ata2: PATA max UDMA/33 cmd 0x170 ctl 0x376 bmdma 0xd008 irq 15
Jan 10 20:39:00 seb-VirtualBox kernel: [    0.369175] tun: Universal TUN/TAP device driver, 1.6
Jan 10 20:39:00 seb-VirtualBox kernel: [    0.369426] PPP generic driver version 2.4.2
Jan 10 20:39:00 seb-VirtualBox kernel: [    0.370455] ohci-pci 0000:00:06.0: OHCI PCI host controller
Jan 10 20:39:00 seb-VirtualBox kernel: [    0.370465] ohci-pci 0000:00:06.0: new USB bus registered, assigned bus number 1
Jan 10 20:39:00 seb-VirtualBox kernel: [    0.370553] ohci-pci 0000:00:06.0: irq 22, io mem 0xf0804000
Jan 10 20:39:00 seb-VirtualBox kernel: [    0.428888] usb usb1: New USB device found, idVendor=1d6b, idProduct=0001, bcdDevice= 6.05
Jan 10 20:39:00 seb-VirtualBox kernel: [    0.428895] usb usb1: New USB device strings: Mfr=3, Product=2, SerialNumber=1
Jan 10 20:39:00 seb-VirtualBox kernel: [    0.428898] usb usb1: Product: OHCI PCI host controller
Jan 10 20:39:00 seb-VirtualBox kernel: [    0.428900] usb usb1: Manufacturer: Linux 6.5.0-14-generic ohci_hcd
Jan 10 20:39:00 seb-VirtualBox kernel: [    0.428902] usb usb1: SerialNumber: 0000:00:06.0
Jan 10 20:39:00 seb-VirtualBox kernel: [    0.429064] hub 1-0:1.0: USB hub found
Jan 10 20:39:00 seb-VirtualBox kernel: [    0.429077] hub 1-0:1.0: 12 ports detected
Jan 10 20:39:00 seb-VirtualBox kernel: [    0.429634] i8042: PNP: PS/2 Controller [PNP0303:PS2K,PNP0f03:PS2M] at 0x60,0x64 irq 1,12
Jan 10 20:39:00 seb-VirtualBox kernel: [    0.430053] serio: i8042 KBD port at 0x60,0x64 irq 1
Jan 10 20:39:00 seb-VirtualBox kernel: [    0.430060] serio: i8042 AUX port at 0x60,0x64 irq 12
Jan 10 20:39:00 seb-VirtualBox kernel: [    0.430127] ehci-pci 0000:00:0b.0: EHCI Host Controller
Jan 10 20:39:00 seb-VirtualBox kernel: [    0.430133] ehci-pci 0000:00:0b.0: new USB bus registered, assigned bus number 2
Jan 10 20:39:00 seb-VirtualBox kernel: [    0.430287] ehci-pci 0000:00:0b.0: irq 19, io mem 0xf0805000
Jan 10 20:39:00 seb-VirtualBox kernel: [    0.430918] mousedev: PS/2 mouse device common for all mice
Jan 10 20:39:00 seb-VirtualBox kernel: [    0.431188] input: AT Translated Set 2 keyboard as /devices/platform/i8042/serio0/input/input2
Jan 10 20:39:00 seb-VirtualBox kernel: [    0.431650] rtc_cmos rtc_cmos: registered as rtc0
Jan 10 20:39:00 seb-VirtualBox kernel: [    0.431678] rtc_cmos rtc_cmos: setting system clock to 2024-01-10T12:38:32 UTC (1704890312)
Jan 10 20:39:00 seb-VirtualBox kernel: [    0.431745] rtc_cmos rtc_cmos: alarms up to one day, 114 bytes nvram
Jan 10 20:39:00 seb-VirtualBox kernel: [    0.431757] i2c_dev: i2c /dev entries driver
Jan 10 20:39:00 seb-VirtualBox kernel: [    0.431788] device-mapper: core: CONFIG_IMA_DISABLE_HTABLE is disabled. Duplicate IMA measurements will not be recorded in the IMA log.
Jan 10 20:39:00 seb-VirtualBox kernel: [    0.431807] device-mapper: uevent: version 1.0.3
Jan 10 20:39:00 seb-VirtualBox kernel: [    0.431852] device-mapper: ioctl: 4.48.0-ioctl (2023-03-01) initialised: dm-devel@redhat.com
Jan 10 20:39:00 seb-VirtualBox kernel: [    0.431885] platform eisa.0: Probing EISA bus 0
Jan 10 20:39:00 seb-VirtualBox kernel: [    0.431887] platform eisa.0: EISA: Cannot allocate resource for mainboard
Jan 10 20:39:00 seb-VirtualBox kernel: [    0.431890] platform eisa.0: Cannot allocate resource for EISA slot 1
Jan 10 20:39:00 seb-VirtualBox kernel: [    0.431892] platform eisa.0: Cannot allocate resource for EISA slot 2
Jan 10 20:39:00 seb-VirtualBox kernel: [    0.431893] platform eisa.0: Cannot allocate resource for EISA slot 3
Jan 10 20:39:00 seb-VirtualBox kernel: [    0.431895] platform eisa.0: Cannot allocate resource for EISA slot 4
Jan 10 20:39:00 seb-VirtualBox kernel: [    0.431897] platform eisa.0: Cannot allocate resource for EISA slot 5
Jan 10 20:39:00 seb-VirtualBox kernel: [    0.431899] platform eisa.0: Cannot allocate resource for EISA slot 6
Jan 10 20:39:00 seb-VirtualBox kernel: [    0.431900] platform eisa.0: Cannot allocate resource for EISA slot 7
Jan 10 20:39:00 seb-VirtualBox kernel: [    0.431902] platform eisa.0: Cannot allocate resource for EISA slot 8
Jan 10 20:39:00 seb-VirtualBox kernel: [    0.431904] platform eisa.0: EISA: Detected 0 cards
Jan 10 20:39:00 seb-VirtualBox kernel: [    0.431906] amd_pstate: the _CPC object is not present in SBIOS or ACPI disabled
Jan 10 20:39:00 seb-VirtualBox kernel: [    0.431920] ledtrig-cpu: registered to indicate activity on CPUs
Jan 10 20:39:00 seb-VirtualBox kernel: [    0.431986] drop_monitor: Initializing network drop monitor service
Jan 10 20:39:00 seb-VirtualBox kernel: [    0.444398] ehci-pci 0000:00:0b.0: USB 2.0 started, EHCI 1.00
Jan 10 20:39:00 seb-VirtualBox kernel: [    0.444500] usb usb2: New USB device found, idVendor=1d6b, idProduct=0002, bcdDevice= 6.05
Jan 10 20:39:00 seb-VirtualBox kernel: [    0.444503] usb usb2: New USB device strings: Mfr=3, Product=2, SerialNumber=1
Jan 10 20:39:00 seb-VirtualBox kernel: [    0.444505] usb usb2: Product: EHCI Host Controller
Jan 10 20:39:00 seb-VirtualBox kernel: [    0.444507] usb usb2: Manufacturer: Linux 6.5.0-14-generic ehci_hcd
Jan 10 20:39:00 seb-VirtualBox kernel: [    0.444509] usb usb2: SerialNumber: 0000:00:0b.0
Jan 10 20:39:00 seb-VirtualBox kernel: [    0.444638] hub 2-0:1.0: USB hub found
Jan 10 20:39:00 seb-VirtualBox kernel: [    0.444646] hub 2-0:1.0: 12 ports detected
Jan 10 20:39:00 seb-VirtualBox kernel: [    0.463190] NET: Registered PF_INET6 protocol family
Jan 10 20:39:00 seb-VirtualBox kernel: [    0.539572] ata2.00: ATAPI: VBOX CD-ROM, 1.0, max UDMA/133
Jan 10 20:39:00 seb-VirtualBox kernel: [    0.540211] scsi 1:0:0:0: CD-ROM            VBOX     CD-ROM           1.0  PQ: 0 ANSI: 5
Jan 10 20:39:00 seb-VirtualBox kernel: [    0.592880] sr 1:0:0:0: [sr0] scsi3-mmc drive: 32x/32x xa/form2 tray
Jan 10 20:39:00 seb-VirtualBox kernel: [    0.592889] cdrom: Uniform CD-ROM driver Revision: 3.20
Jan 10 20:39:00 seb-VirtualBox kernel: [    0.600973] sr 1:0:0:0: Attached scsi CD-ROM sr0
Jan 10 20:39:00 seb-VirtualBox kernel: [    0.601170] sr 1:0:0:0: Attached scsi generic sg0 type 5
Jan 10 20:39:00 seb-VirtualBox kernel: [    0.732302] usb 1-1: new full-speed USB device number 2 using ohci-pci
Jan 10 20:39:00 seb-VirtualBox kernel: [    0.800762] Freeing initrd memory: 68068K
Jan 10 20:39:00 seb-VirtualBox kernel: [    0.807551] Segment Routing with IPv6
Jan 10 20:39:00 seb-VirtualBox kernel: [    0.807572] In-situ OAM (IOAM) with IPv6
Jan 10 20:39:00 seb-VirtualBox kernel: [    0.807619] NET: Registered PF_PACKET protocol family
Jan 10 20:39:00 seb-VirtualBox kernel: [    0.807651] Key type dns_resolver registered
Jan 10 20:39:00 seb-VirtualBox kernel: [    0.807846] IPI shorthand broadcast: enabled
Jan 10 20:39:00 seb-VirtualBox kernel: [    0.810088] sched_clock: Marking stable (800372140, 8116977)->(817781888, -9292771)
Jan 10 20:39:00 seb-VirtualBox kernel: [    0.810238] registered taskstats version 1
Jan 10 20:39:00 seb-VirtualBox kernel: [    0.810358] Loading compiled-in X.509 certificates
Jan 10 20:39:00 seb-VirtualBox kernel: [    0.810848] Loaded X.509 cert 'Build time autogenerated kernel key: 605c7c135229ebe23ab6a6fa2965fd12055e3c58'
Jan 10 20:39:00 seb-VirtualBox kernel: [    0.811269] Loaded X.509 cert 'Canonical Ltd. Live Patch Signing: 14df34d1a87cf37625abec039ef2bf521249b969'
Jan 10 20:39:00 seb-VirtualBox kernel: [    0.811659] Loaded X.509 cert 'Canonical Ltd. Kernel Module Signing: 88f752e560a1e0737e31163a466ad7b70a850c19'
Jan 10 20:39:00 seb-VirtualBox kernel: [    0.811662] blacklist: Loading compiled-in revocation X.509 certificates
Jan 10 20:39:00 seb-VirtualBox kernel: [    0.811679] Loaded X.509 cert 'Canonical Ltd. Secure Boot Signing: 61482aa2830d0ab2ad5af10b7250da9033ddcef0'
Jan 10 20:39:00 seb-VirtualBox kernel: [    0.811694] Loaded X.509 cert 'Canonical Ltd. Secure Boot Signing (2017): 242ade75ac4a15e50d50c84b0d45ff3eae707a03'
Jan 10 20:39:00 seb-VirtualBox kernel: [    0.811709] Loaded X.509 cert 'Canonical Ltd. Secure Boot Signing (ESM 2018): 365188c1d374d6b07c3c8f240f8ef722433d6a8b'
Jan 10 20:39:00 seb-VirtualBox kernel: [    0.811726] Loaded X.509 cert 'Canonical Ltd. Secure Boot Signing (2019): c0746fd6c5da3ae827864651ad66ae47fe24b3e8'
Jan 10 20:39:00 seb-VirtualBox kernel: [    0.811740] Loaded X.509 cert 'Canonical Ltd. Secure Boot Signing (2021 v1): a8d54bbb3825cfb94fa13c9f8a594a195c107b8d'
Jan 10 20:39:00 seb-VirtualBox kernel: [    0.811754] Loaded X.509 cert 'Canonical Ltd. Secure Boot Signing (2021 v2): 4cf046892d6fd3c9a5b03f98d845f90851dc6a8c'
Jan 10 20:39:00 seb-VirtualBox kernel: [    0.811771] Loaded X.509 cert 'Canonical Ltd. Secure Boot Signing (2021 v3): 100437bb6de6e469b581e61cd66bce3ef4ed53af'
Jan 10 20:39:00 seb-VirtualBox kernel: [    0.811785] Loaded X.509 cert 'Canonical Ltd. Secure Boot Signing (Ubuntu Core 2019): c1d57b8f6b743f23ee41f4f7ee292f06eecadfb9'
Jan 10 20:39:00 seb-VirtualBox kernel: [    0.814645] Key type .fscrypt registered
Jan 10 20:39:00 seb-VirtualBox kernel: [    0.814647] Key type fscrypt-provisioning registered
Jan 10 20:39:00 seb-VirtualBox kernel: [    0.818040] Key type encrypted registered
Jan 10 20:39:00 seb-VirtualBox kernel: [    0.818047] AppArmor: AppArmor sha1 policy hashing enabled
Jan 10 20:39:00 seb-VirtualBox kernel: [    0.818060] ima: No TPM chip found, activating TPM-bypass!
Jan 10 20:39:00 seb-VirtualBox kernel: [    0.818064] Loading compiled-in module X.509 certificates
Jan 10 20:39:00 seb-VirtualBox kernel: [    0.818480] Loaded X.509 cert 'Build time autogenerated kernel key: 605c7c135229ebe23ab6a6fa2965fd12055e3c58'
Jan 10 20:39:00 seb-VirtualBox kernel: [    0.818483] ima: Allocated hash algorithm: sha1
Jan 10 20:39:00 seb-VirtualBox kernel: [    0.818491] ima: No architecture policies found
Jan 10 20:39:00 seb-VirtualBox kernel: [    0.818507] evm: Initialising EVM extended attributes:
Jan 10 20:39:00 seb-VirtualBox kernel: [    0.818508] evm: security.selinux
Jan 10 20:39:00 seb-VirtualBox kernel: [    0.818510] evm: security.SMACK64
Jan 10 20:39:00 seb-VirtualBox kernel: [    0.818511] evm: security.SMACK64EXEC
Jan 10 20:39:00 seb-VirtualBox kernel: [    0.818512] evm: security.SMACK64TRANSMUTE
Jan 10 20:39:00 seb-VirtualBox kernel: [    0.818513] evm: security.SMACK64MMAP
Jan 10 20:39:00 seb-VirtualBox kernel: [    0.818514] evm: security.apparmor
Jan 10 20:39:00 seb-VirtualBox kernel: [    0.818515] evm: security.ima
Jan 10 20:39:00 seb-VirtualBox kernel: [    0.818516] evm: security.capability
Jan 10 20:39:00 seb-VirtualBox kernel: [    0.818517] evm: HMAC attrs: 0x1
Jan 10 20:39:00 seb-VirtualBox kernel: [    0.818857] PM:   Magic number: 8:572:632
Jan 10 20:39:00 seb-VirtualBox kernel: [    0.928761] RAS: Correctable Errors collector initialized.
Jan 10 20:39:00 seb-VirtualBox kernel: [    0.928853] clk: Disabling unused clocks
Jan 10 20:39:00 seb-VirtualBox kernel: [    0.930738] Freeing unused decrypted memory: 2036K
Jan 10 20:39:00 seb-VirtualBox kernel: [    0.931712] Freeing unused kernel image (initmem) memory: 4792K
Jan 10 20:39:00 seb-VirtualBox kernel: [    0.940315] Write protecting the kernel read-only data: 34816k
Jan 10 20:39:00 seb-VirtualBox kernel: [    0.940925] Freeing unused kernel image (rodata/data gap) memory: 1156K
Jan 10 20:39:00 seb-VirtualBox kernel: [    0.998414] x86/mm: Checked W+X mappings: passed, no W+X pages found.
Jan 10 20:39:00 seb-VirtualBox kernel: [    0.998472] Run /init as init process
Jan 10 20:39:00 seb-VirtualBox kernel: [    0.998475]   with arguments:
Jan 10 20:39:00 seb-VirtualBox kernel: [    0.998477]     /init
Jan 10 20:39:00 seb-VirtualBox kernel: [    0.998478]     splash
Jan 10 20:39:00 seb-VirtualBox kernel: [    0.998480]   with environment:
Jan 10 20:39:00 seb-VirtualBox kernel: [    0.998481]     HOME=/
Jan 10 20:39:00 seb-VirtualBox kernel: [    0.998482]     TERM=linux
Jan 10 20:39:00 seb-VirtualBox kernel: [    0.998483]     BOOT_IMAGE=/boot/vmlinuz-6.5.0-14-generic
Jan 10 20:39:00 seb-VirtualBox kernel: [    1.053916] usb 1-1: New USB device found, idVendor=80ee, idProduct=0021, bcdDevice= 1.00
Jan 10 20:39:00 seb-VirtualBox kernel: [    1.053923] usb 1-1: New USB device strings: Mfr=1, Product=3, SerialNumber=0
Jan 10 20:39:00 seb-VirtualBox kernel: [    1.053925] usb 1-1: Product: USB Tablet
Jan 10 20:39:00 seb-VirtualBox kernel: [    1.053927] usb 1-1: Manufacturer: VirtualBox
Jan 10 20:39:00 seb-VirtualBox kernel: [    1.146597] hid: raw HID events driver (C) Jiri Kosina
Jan 10 20:39:00 seb-VirtualBox kernel: [    1.149530] ACPI: video: Video Device [GFX0] (multi-head: yes  rom: no  post: no)
Jan 10 20:39:00 seb-VirtualBox kernel: [    1.149636] input: Video Bus as /devices/LNXSYSTM:00/LNXSYBUS:00/PNP0A03:00/LNXVIDEO:00/input/input4
Jan 10 20:39:00 seb-VirtualBox kernel: [    1.169847] e1000: Intel(R) PRO/1000 Network Driver
Jan 10 20:39:00 seb-VirtualBox kernel: [    1.169853] e1000: Copyright (c) 1999-2006 Intel Corporation.
Jan 10 20:39:00 seb-VirtualBox kernel: [    1.177371] usbcore: registered new interface driver usbhid
Jan 10 20:39:00 seb-VirtualBox kernel: [    1.177377] usbhid: USB HID core driver
Jan 10 20:39:00 seb-VirtualBox kernel: [    1.181579] ahci 0000:00:0d.0: version 3.0
Jan 10 20:39:00 seb-VirtualBox kernel: [    1.182556] ahci 0000:00:0d.0: SSS flag set, parallel bus scan disabled
Jan 10 20:39:00 seb-VirtualBox kernel: [    1.182684] ahci 0000:00:0d.0: AHCI 0001.0100 32 slots 1 ports 3 Gbps 0x1 impl SATA mode
Jan 10 20:39:00 seb-VirtualBox kernel: [    1.182688] ahci 0000:00:0d.0: flags: 64bit ncq stag only ccc 
Jan 10 20:39:00 seb-VirtualBox kernel: [    1.182942] piix4_smbus 0000:00:07.0: SMBus Host Controller at 0x4100, revision 0
Jan 10 20:39:00 seb-VirtualBox kernel: [    1.198792] scsi host2: ahci
Jan 10 20:39:00 seb-VirtualBox kernel: [    1.198898] ata3: SATA max UDMA/133 abar m8192@0xf0806000 port 0xf0806100 irq 21
Jan 10 20:39:00 seb-VirtualBox kernel: [    1.294518] input: VirtualBox USB Tablet as /devices/pci0000:00/0000:00:06.0/usb1/1-1/1-1:1.0/0003:80EE:0021.0001/input/input6
Jan 10 20:39:00 seb-VirtualBox kernel: [    1.297666] hid-generic 0003:80EE:0021.0001: input,hidraw0: USB HID v1.10 Mouse [VirtualBox USB Tablet] on usb-0000:00:06.0-1/input0
Jan 10 20:39:00 seb-VirtualBox kernel: [    1.399171] input: ImExPS/2 Generic Explorer Mouse as /devices/platform/i8042/serio1/input/input5
Jan 10 20:39:00 seb-VirtualBox kernel: [    1.515158] ata3: SATA link up 3.0 Gbps (SStatus 123 SControl 300)
Jan 10 20:39:00 seb-VirtualBox kernel: [    1.519217] ata3.00: ATA-6: VBOX HARDDISK, 1.0, max UDMA/133
Jan 10 20:39:00 seb-VirtualBox kernel: [    1.519221] ata3.00: 62914560 sectors, multi 128: LBA48 NCQ (depth 32)
Jan 10 20:39:00 seb-VirtualBox kernel: [    1.523350] ata3.00: configured for UDMA/133
Jan 10 20:39:00 seb-VirtualBox kernel: [    1.523436] scsi 2:0:0:0: Direct-Access     ATA      VBOX HARDDISK    1.0  PQ: 0 ANSI: 5
Jan 10 20:39:00 seb-VirtualBox kernel: [    1.523714] sd 2:0:0:0: [sda] 62914560 512-byte logical blocks: (32.2 GB/30.0 GiB)
Jan 10 20:39:00 seb-VirtualBox kernel: [    1.523721] sd 2:0:0:0: [sda] Write Protect is off
Jan 10 20:39:00 seb-VirtualBox kernel: [    1.523723] sd 2:0:0:0: [sda] Mode Sense: 00 3a 00 00
Jan 10 20:39:00 seb-VirtualBox kernel: [    1.523731] sd 2:0:0:0: [sda] Write cache: enabled, read cache: enabled, doesn't support DPO or FUA
Jan 10 20:39:00 seb-VirtualBox kernel: [    1.523743] sd 2:0:0:0: [sda] Preferred minimum I/O size 512 bytes
Jan 10 20:39:00 seb-VirtualBox kernel: [    1.524081] sd 2:0:0:0: Attached scsi generic sg1 type 0
Jan 10 20:39:00 seb-VirtualBox kernel: [    1.557496]  sda: sda1 sda2 sda3
Jan 10 20:39:00 seb-VirtualBox kernel: [    1.557704] sd 2:0:0:0: [sda] Attached SCSI disk
Jan 10 20:39:00 seb-VirtualBox kernel: [    1.591888] e1000 0000:00:03.0 eth0: (PCI:33MHz:32-bit) 08:00:27:86:28:d0
Jan 10 20:39:00 seb-VirtualBox kernel: [    1.591899] e1000 0000:00:03.0 eth0: Intel(R) PRO/1000 Network Connection
Jan 10 20:39:00 seb-VirtualBox kernel: [    1.593495] e1000 0000:00:03.0 enp0s3: renamed from eth0
Jan 10 20:39:00 seb-VirtualBox kernel: [    1.890219] EXT4-fs (sda3): mounted filesystem e4dd4693-bfe0-46aa-b3df-ff2a220386cd ro with ordered data mode. Quota mode: none.
Jan 10 20:39:00 seb-VirtualBox kernel: [    2.805589] systemd[1]: Inserted module 'autofs4'
Jan 10 20:39:00 seb-VirtualBox kernel: [    2.974934] systemd[1]: systemd 249.11-0ubuntu3.11 running in system mode (+PAM +AUDIT +SELINUX +APPARMOR +IMA +SMACK +SECCOMP +GCRYPT +GNUTLS +OPENSSL +ACL +BLKID +CURL +ELFUTILS +FIDO2 +IDN2 -IDN +IPTC +KMOD +LIBCRYPTSETUP +LIBFDISK +PCRE2 -PWQUALITY -P11KIT -QRENCODE +BZIP2 +LZ4 +XZ +ZLIB +ZSTD -XKBCOMMON +UTMP +SYSVINIT default-hierarchy=unified)
Jan 10 20:39:00 seb-VirtualBox kernel: [    2.974961] systemd[1]: Detected virtualization oracle.
Jan 10 20:39:00 seb-VirtualBox kernel: [    2.974966] systemd[1]: Detected architecture x86-64.
Jan 10 20:39:00 seb-VirtualBox kernel: [    2.985602] systemd[1]: Hostname set to <seb-VirtualBox>.
Jan 10 20:39:00 seb-VirtualBox kernel: [    3.073552] systemd[1]: memfd_create() called without MFD_EXEC or MFD_NOEXEC_SEAL set
Jan 10 20:39:00 seb-VirtualBox kernel: [    3.532767] block sda: the capability attribute has been deprecated.
Jan 10 20:39:00 seb-VirtualBox kernel: [    4.062796] systemd[1]: Queued start job for default target Graphical Interface.
Jan 10 20:39:00 seb-VirtualBox kernel: [    4.072952] systemd[1]: Created slice Slice /system/modprobe.
Jan 10 20:39:00 seb-VirtualBox kernel: [    4.073425] systemd[1]: Created slice Slice /system/systemd-fsck.
Jan 10 20:39:00 seb-VirtualBox kernel: [    4.073694] systemd[1]: Created slice User and Session Slice.
Jan 10 20:39:00 seb-VirtualBox kernel: [    4.073819] systemd[1]: Started Forward Password Requests to Wall Directory Watch.
Jan 10 20:39:00 seb-VirtualBox kernel: [    4.074071] systemd[1]: Set up automount Arbitrary Executable File Formats File System Automount Point.
Jan 10 20:39:00 seb-VirtualBox kernel: [    4.074154] systemd[1]: Reached target User and Group Name Lookups.
Jan 10 20:39:00 seb-VirtualBox kernel: [    4.074176] systemd[1]: Reached target Remote File Systems.
Jan 10 20:39:00 seb-VirtualBox kernel: [    4.074189] systemd[1]: Reached target Slice Units.
Jan 10 20:39:00 seb-VirtualBox kernel: [    4.074228] systemd[1]: Reached target Mounting snaps.
Jan 10 20:39:00 seb-VirtualBox kernel: [    4.074268] systemd[1]: Reached target Local Verity Protected Volumes.
Jan 10 20:39:00 seb-VirtualBox kernel: [    4.074443] systemd[1]: Listening on Syslog Socket.
Jan 10 20:39:00 seb-VirtualBox kernel: [    4.074540] systemd[1]: Listening on fsck to fsckd communication Socket.
Jan 10 20:39:00 seb-VirtualBox kernel: [    4.074599] systemd[1]: Listening on initctl Compatibility Named Pipe.
Jan 10 20:39:00 seb-VirtualBox kernel: [    4.074807] systemd[1]: Listening on Journal Audit Socket.
Jan 10 20:39:00 seb-VirtualBox kernel: [    4.074901] systemd[1]: Listening on Journal Socket (/dev/log).
Jan 10 20:39:00 seb-VirtualBox kernel: [    4.075015] systemd[1]: Listening on Journal Socket.
Jan 10 20:39:00 seb-VirtualBox kernel: [    4.111403] systemd[1]: Listening on udev Control Socket.
Jan 10 20:39:00 seb-VirtualBox kernel: [    4.111588] systemd[1]: Listening on udev Kernel Socket.
Jan 10 20:39:00 seb-VirtualBox kernel: [    4.124740] systemd[1]: Mounting Huge Pages File System...
Jan 10 20:39:00 seb-VirtualBox kernel: [    4.126139] systemd[1]: Mounting POSIX Message Queue File System...
Jan 10 20:39:00 seb-VirtualBox kernel: [    4.127627] systemd[1]: Mounting Kernel Debug File System...
Jan 10 20:39:00 seb-VirtualBox kernel: [    4.129472] systemd[1]: Mounting Kernel Trace File System...
Jan 10 20:39:00 seb-VirtualBox kernel: [    4.133386] systemd[1]: Starting Journal Service...
Jan 10 20:39:00 seb-VirtualBox kernel: [    4.153015] systemd[1]: Starting Set the console keyboard layout...
Jan 10 20:39:00 seb-VirtualBox kernel: [    4.154313] systemd[1]: Starting Create List of Static Device Nodes...
Jan 10 20:39:00 seb-VirtualBox kernel: [    4.155473] systemd[1]: Starting Load Kernel Module configfs...
Jan 10 20:39:00 seb-VirtualBox kernel: [    4.156769] systemd[1]: Starting Load Kernel Module drm...
Jan 10 20:39:00 seb-VirtualBox kernel: [    4.157890] systemd[1]: Starting Load Kernel Module efi_pstore...
Jan 10 20:39:00 seb-VirtualBox kernel: [    4.167531] systemd[1]: Starting Load Kernel Module fuse...
Jan 10 20:39:00 seb-VirtualBox kernel: [    4.167739] systemd[1]: Condition check resulted in File System Check on Root Device being skipped.
Jan 10 20:39:00 seb-VirtualBox kernel: [    4.196566] systemd[1]: Starting Load Kernel Modules...
Jan 10 20:39:00 seb-VirtualBox kernel: [    4.200957] systemd[1]: Starting Remount Root and Kernel File Systems...
Jan 10 20:39:00 seb-VirtualBox kernel: [    4.202196] systemd[1]: Starting Coldplug All udev Devices...
Jan 10 20:39:00 seb-VirtualBox kernel: [    4.203920] systemd[1]: Mounted Huge Pages File System.
Jan 10 20:39:00 seb-VirtualBox kernel: [    4.204079] systemd[1]: Mounted POSIX Message Queue File System.
Jan 10 20:39:00 seb-VirtualBox kernel: [    4.204160] systemd[1]: Mounted Kernel Debug File System.
Jan 10 20:39:00 seb-VirtualBox kernel: [    4.204242] systemd[1]: Mounted Kernel Trace File System.
Jan 10 20:39:00 seb-VirtualBox kernel: [    4.217655] systemd[1]: Finished Create List of Static Device Nodes.
Jan 10 20:39:00 seb-VirtualBox kernel: [    4.218034] systemd[1]: modprobe@configfs.service: Deactivated successfully.
Jan 10 20:39:00 seb-VirtualBox kernel: [    4.218328] systemd[1]: Finished Load Kernel Module configfs.
Jan 10 20:39:00 seb-VirtualBox kernel: [    4.218577] systemd[1]: modprobe@fuse.service: Deactivated successfully.
Jan 10 20:39:00 seb-VirtualBox kernel: [    4.218879] systemd[1]: Finished Load Kernel Module fuse.
Jan 10 20:39:00 seb-VirtualBox kernel: [    4.219973] systemd[1]: Mounting FUSE Control File System...
Jan 10 20:39:00 seb-VirtualBox kernel: [    4.222972] systemd[1]: Mounting Kernel Configuration File System...
Jan 10 20:39:00 seb-VirtualBox kernel: [    4.232219] systemd[1]: Started Journal Service.
Jan 10 20:39:00 seb-VirtualBox kernel: [    4.277020] EXT4-fs (sda3): re-mounted e4dd4693-bfe0-46aa-b3df-ff2a220386cd r/w. Quota mode: none.
Jan 10 20:39:00 seb-VirtualBox kernel: [    4.310687] systemd-journald[171]: Received client request to flush runtime journal.
Jan 10 20:39:00 seb-VirtualBox kernel: [    4.405427] ACPI: bus type drm_connector registered
Jan 10 20:39:00 seb-VirtualBox kernel: [    4.488316] lp: driver loaded but no devices found
Jan 10 20:39:00 seb-VirtualBox kernel: [    4.500901] Adding 3297276k swap on /swapfile.  Priority:-2 extents:8 across:3477500k FS
Jan 10 20:39:00 seb-VirtualBox kernel: [    4.520660] ppdev: user-space parallel port driver
Jan 10 20:39:00 seb-VirtualBox kernel: [    4.694919] vmwgfx 0000:00:02.0: vgaarb: deactivate vga console
Jan 10 20:39:00 seb-VirtualBox kernel: [    4.695976] Console: switching to colour dummy device 80x25
Jan 10 20:39:00 seb-VirtualBox kernel: [    4.697461] vmwgfx 0000:00:02.0: [drm] FIFO at 0x00000000f0000000 size is 2048 kiB
Jan 10 20:39:00 seb-VirtualBox kernel: [    4.697476] vmwgfx 0000:00:02.0: [drm] VRAM at 0x00000000e0000000 size is 16384 kiB
Jan 10 20:39:00 seb-VirtualBox kernel: [    4.697484] vmwgfx 0000:00:02.0: [drm] Running on SVGA version 2.
Jan 10 20:39:00 seb-VirtualBox kernel: [    4.697489] vmwgfx 0000:00:02.0: [drm] Capabilities: rect copy, cursor, cursor bypass, cursor bypass 2, alpha cursor, extended fifo, pitchlock, irq mask, gmr, traces, gmr2, screen object 2, command buffers, 
Jan 10 20:39:00 seb-VirtualBox kernel: [    4.697492] vmwgfx 0000:00:02.0: [drm] *ERROR* vmwgfx seems to be running on an unsupported hypervisor.
Jan 10 20:39:00 seb-VirtualBox kernel: [    4.697500] vmwgfx 0000:00:02.0: [drm] *ERROR* This configuration is likely broken.
Jan 10 20:39:00 seb-VirtualBox kernel: [    4.697505] vmwgfx 0000:00:02.0: [drm] *ERROR* Please switch to a supported graphics device to avoid problems.
Jan 10 20:39:00 seb-VirtualBox kernel: [    4.697512] vmwgfx 0000:00:02.0: [drm] DMA map mode: Caching DMA mappings.
Jan 10 20:39:00 seb-VirtualBox kernel: [    4.697540] vmwgfx 0000:00:02.0: [drm] Legacy memory limits: VRAM = 16384 kB, FIFO = 2048 kB, surface = 507904 kB
Jan 10 20:39:00 seb-VirtualBox kernel: [    4.697542] vmwgfx 0000:00:02.0: [drm] MOB limits: max mob size = 0 kB, max mob pages = 0
Jan 10 20:39:00 seb-VirtualBox kernel: [    4.697545] vmwgfx 0000:00:02.0: [drm] Max GMR ids is 8192
Jan 10 20:39:00 seb-VirtualBox kernel: [    4.697546] vmwgfx 0000:00:02.0: [drm] Max number of GMR pages is 1048576
Jan 10 20:39:00 seb-VirtualBox kernel: [    4.697548] vmwgfx 0000:00:02.0: [drm] Maximum display memory size is 16384 kiB
Jan 10 20:39:00 seb-VirtualBox kernel: [    4.697806] vmwgfx 0000:00:02.0: [drm] Screen Object display unit initialized
Jan 10 20:39:00 seb-VirtualBox kernel: [    4.698075] vmwgfx 0000:00:02.0: [drm] Fifo max 0x00200000 min 0x00001000 cap 0x00000355
Jan 10 20:39:00 seb-VirtualBox kernel: [    4.698262] vmwgfx 0000:00:02.0: [drm] Using command buffers with DMA pool.
Jan 10 20:39:00 seb-VirtualBox kernel: [    4.698275] vmwgfx 0000:00:02.0: [drm] Available shader model: Legacy.
Jan 10 20:39:00 seb-VirtualBox kernel: [    4.698880] [drm] Initialized vmwgfx 2.20.0 20211206 for 0000:00:02.0 on minor 0
Jan 10 20:39:00 seb-VirtualBox kernel: [    4.699916] fbcon: vmwgfxdrmfb (fb0) is primary device
Jan 10 20:39:00 seb-VirtualBox kernel: [    4.702990] Console: switching to colour frame buffer device 160x50
Jan 10 20:39:00 seb-VirtualBox kernel: [    4.707918] vmwgfx 0000:00:02.0: [drm] fb0: vmwgfxdrmfb frame buffer device
Jan 10 20:39:00 seb-VirtualBox kernel: [    4.749859] loop0: detected capacity change from 0 to 8
Jan 10 20:39:00 seb-VirtualBox kernel: [    4.750403] loop1: detected capacity change from 0 to 129944
Jan 10 20:39:00 seb-VirtualBox kernel: [    4.751072] loop2: detected capacity change from 0 to 151296
Jan 10 20:39:00 seb-VirtualBox kernel: [    4.752755] loop3: detected capacity change from 0 to 485800
Jan 10 20:39:00 seb-VirtualBox kernel: [    4.774766] loop4: detected capacity change from 0 to 716176
Jan 10 20:39:00 seb-VirtualBox kernel: [    4.785731] loop5: detected capacity change from 0 to 994336
Jan 10 20:39:00 seb-VirtualBox kernel: [    4.799974] loop6: detected capacity change from 0 to 187776
Jan 10 20:39:00 seb-VirtualBox kernel: [    4.809674] loop7: detected capacity change from 0 to 25240
Jan 10 20:39:00 seb-VirtualBox kernel: [    4.823762] loop8: detected capacity change from 0 to 109072
Jan 10 20:39:00 seb-VirtualBox kernel: [    4.860790] loop9: detected capacity change from 0 to 904
Jan 10 20:39:00 seb-VirtualBox kernel: [    5.651615] vboxguest: host-version: 7.0.12r159484 0x8000000f
Jan 10 20:39:00 seb-VirtualBox kernel: [    5.652108] vbg_heartbeat_init: Setting up heartbeat to trigger every 2000 milliseconds
Jan 10 20:39:00 seb-VirtualBox kernel: [    5.656708] input: VirtualBox mouse integration as /devices/pci0000:00/0000:00:04.0/input/input7
Jan 10 20:39:00 seb-VirtualBox kernel: [    5.928443] cryptd: max_cpu_qlen set to 1000
Jan 10 20:39:00 seb-VirtualBox kernel: [    5.985394] AVX2 version of gcm_enc/dec engaged.
Jan 10 20:39:00 seb-VirtualBox kernel: [    5.985416] AES CTR mode by8 optimization enabled
Jan 10 20:39:00 seb-VirtualBox kernel: [    6.801502] intel_rapl_common: Found RAPL domain package
Jan 10 20:39:00 seb-VirtualBox kernel: [    6.801509] intel_rapl_common: Found RAPL domain core
Jan 10 20:39:00 seb-VirtualBox kernel: [    6.981541] snd_intel8x0 0000:00:05.0: allow list rate for 1028:0177 is 48000
Jan 10 20:39:00 seb-VirtualBox kernel: [    8.008896] audit: type=1400 audit(1704890320.076:2): apparmor="STATUS" operation="profile_load" profile="unconfined" name="lsb_release" pid=435 comm="apparmor_parser"
Jan 10 20:39:00 seb-VirtualBox kernel: [    8.132804] audit: type=1400 audit(1704890320.200:3): apparmor="STATUS" operation="profile_load" profile="unconfined" name="nvidia_modprobe" pid=441 comm="apparmor_parser"
Jan 10 20:39:00 seb-VirtualBox kernel: [    8.133832] audit: type=1400 audit(1704890320.200:4): apparmor="STATUS" operation="profile_load" profile="unconfined" name="nvidia_modprobe//kmod" pid=441 comm="apparmor_parser"
Jan 10 20:39:00 seb-VirtualBox kernel: [    8.539878] audit: type=1400 audit(1704890320.604:5): apparmor="STATUS" operation="profile_load" profile="unconfined" name="/usr/lib/NetworkManager/nm-dhcp-client.action" pid=443 comm="apparmor_parser"
Jan 10 20:39:00 seb-VirtualBox kernel: [    8.541031] audit: type=1400 audit(1704890320.608:6): apparmor="STATUS" operation="profile_load" profile="unconfined" name="/usr/lib/NetworkManager/nm-dhcp-helper" pid=443 comm="apparmor_parser"
Jan 10 20:39:00 seb-VirtualBox kernel: [    8.541875] audit: type=1400 audit(1704890320.608:7): apparmor="STATUS" operation="profile_load" profile="unconfined" name="/usr/lib/connman/scripts/dhclient-script" pid=443 comm="apparmor_parser"
Jan 10 20:39:00 seb-VirtualBox kernel: [    8.543064] audit: type=1400 audit(1704890320.608:8): apparmor="STATUS" operation="profile_load" profile="unconfined" name="/{,usr/}sbin/dhclient" pid=443 comm="apparmor_parser"
Jan 10 20:39:00 seb-VirtualBox kernel: [   11.456573] audit: type=1400 audit(1704890323.524:9): apparmor="STATUS" operation="profile_load" profile="unconfined" name="/usr/bin/evince" pid=444 comm="apparmor_parser"
Jan 10 20:39:00 seb-VirtualBox kernel: [   11.458237] audit: type=1400 audit(1704890323.524:10): apparmor="STATUS" operation="profile_load" profile="unconfined" name="/usr/bin/evince//sanitized_helper" pid=444 comm="apparmor_parser"
Jan 10 20:39:00 seb-VirtualBox kernel: [   11.462402] audit: type=1400 audit(1704890323.528:11): apparmor="STATUS" operation="profile_load" profile="unconfined" name="/usr/bin/evince-previewer" pid=444 comm="apparmor_parser"
Jan 10 20:39:00 seb-VirtualBox kernel: [   17.526485] kauditd_printk_skb: 8 callbacks suppressed
Jan 10 20:39:00 seb-VirtualBox kernel: [   17.526488] audit: type=1400 audit(1704890329.592:20): apparmor="STATUS" operation="profile_load" profile="unconfined" name="libreoffice-soffice" pid=449 comm="apparmor_parser"
Jan 10 20:39:00 seb-VirtualBox kernel: [   17.528797] audit: type=1400 audit(1704890329.596:21): apparmor="STATUS" operation="profile_load" profile="unconfined" name="libreoffice-soffice//gpg" pid=449 comm="apparmor_parser"
Jan 10 20:39:00 seb-VirtualBox kernel: [   17.579676] audit: type=1400 audit(1704890329.644:22): apparmor="STATUS" operation="profile_load" profile="unconfined" name="libreoffice-xpdfimport" pid=450 comm="apparmor_parser"
Jan 10 20:39:00 seb-VirtualBox kernel: [   17.996504] audit: type=1400 audit(1704890330.064:23): apparmor="STATUS" operation="profile_load" profile="unconfined" name="/usr/lib/snapd/snap-confine" pid=451 comm="apparmor_parser"
Jan 10 20:39:00 seb-VirtualBox kernel: [   17.997299] audit: type=1400 audit(1704890330.064:24): apparmor="STATUS" operation="profile_load" profile="unconfined" name="/usr/lib/snapd/snap-confine//mount-namespace-capture-helper" pid=451 comm="apparmor_parser"
Jan 10 20:39:00 seb-VirtualBox kernel: [   18.153480] audit: type=1400 audit(1704890330.220:25): apparmor="STATUS" operation="profile_load" profile="unconfined" name="/usr/sbin/cups-browsed" pid=452 comm="apparmor_parser"
Jan 10 20:39:00 seb-VirtualBox kernel: [   18.598832] audit: type=1400 audit(1704890330.664:26): apparmor="STATUS" operation="profile_load" profile="unconfined" name="/usr/lib/cups/backend/cups-pdf" pid=453 comm="apparmor_parser"
Jan 10 20:39:00 seb-VirtualBox kernel: [   18.600293] audit: type=1400 audit(1704890330.664:27): apparmor="STATUS" operation="profile_load" profile="unconfined" name="/usr/sbin/cupsd" pid=453 comm="apparmor_parser"
Jan 10 20:39:00 seb-VirtualBox kernel: [   18.600993] audit: type=1400 audit(1704890330.668:28): apparmor="STATUS" operation="profile_load" profile="unconfined" name="/usr/sbin/cupsd//third_party" pid=453 comm="apparmor_parser"
Jan 10 20:39:00 seb-VirtualBox kernel: [   19.222247] audit: type=1400 audit(1704890331.288:29): apparmor="STATUS" operation="profile_load" profile="unconfined" name="/snap/snapd/19457/usr/lib/snapd/snap-confine" pid=466 comm="apparmor_parser"
Jan 10 20:39:00 seb-VirtualBox kernel: [   22.992217] kauditd_printk_skb: 3 callbacks suppressed
Jan 10 20:39:00 seb-VirtualBox kernel: [   22.992221] audit: type=1400 audit(1704890335.056:33): apparmor="STATUS" operation="profile_load" profile="unconfined" name="snap-update-ns.snapd-desktop-integration" pid=469 comm="apparmor_parser"
Jan 10 20:39:00 seb-VirtualBox kernel: [   23.222807] audit: type=1400 audit(1704890335.288:34): apparmor="STATUS" operation="profile_load" profile="unconfined" name="snap.firefox.firefox" pid=470 comm="apparmor_parser"
Jan 10 20:39:00 seb-VirtualBox kernel: [   23.436672] audit: type=1400 audit(1704890335.504:35): apparmor="STATUS" operation="profile_load" profile="unconfined" name="snap.firefox.geckodriver" pid=471 comm="apparmor_parser"
Jan 10 20:39:00 seb-VirtualBox kernel: [   23.631131] audit: type=1400 audit(1704890335.696:36): apparmor="STATUS" operation="profile_load" profile="unconfined" name="snap.firefox.hook.configure" pid=472 comm="apparmor_parser"
Jan 10 20:39:00 seb-VirtualBox kernel: [   23.846011] audit: type=1400 audit(1704890335.912:37): apparmor="STATUS" operation="profile_load" profile="unconfined" name="snap.firefox.hook.connect-plug-host-hunspell" pid=473 comm="apparmor_parser"
Jan 10 20:39:00 seb-VirtualBox kernel: [   24.041608] audit: type=1400 audit(1704890336.108:38): apparmor="STATUS" operation="profile_load" profile="unconfined" name="snap.firefox.hook.disconnect-plug-host-hunspell" pid=474 comm="apparmor_parser"
Jan 10 20:39:00 seb-VirtualBox kernel: [   24.240737] audit: type=1400 audit(1704890336.308:39): apparmor="STATUS" operation="profile_load" profile="unconfined" name="snap.firefox.hook.post-refresh" pid=475 comm="apparmor_parser"
Jan 10 20:39:00 seb-VirtualBox kernel: [   24.533535] audit: type=1400 audit(1704890336.600:40): apparmor="STATUS" operation="profile_load" profile="unconfined" name="snap.snap-store.hook.configure" pid=476 comm="apparmor_parser"
Jan 10 20:39:00 seb-VirtualBox kernel: [   25.264220] audit: type=1400 audit(1704890337.328:41): apparmor="STATUS" operation="profile_load" profile="unconfined" name="snap.snap-store.snap-store" pid=477 comm="apparmor_parser"
Jan 10 20:39:00 seb-VirtualBox kernel: [   26.124756] audit: type=1400 audit(1704890338.192:42): apparmor="STATUS" operation="profile_load" profile="unconfined" name="snap.snap-store.ubuntu-software" pid=478 comm="apparmor_parser"
Jan 10 20:39:00 seb-VirtualBox systemd[1]: Received SIGRTMIN+20 from PID 234 (plymouthd).
Jan 10 20:39:00 seb-VirtualBox systemd[1]: Finished Tell Plymouth To Write Out Runtime Data.
Jan 10 20:39:00 seb-VirtualBox systemd[1]: proc-sys-fs-binfmt_misc.automount: Got automount request for /proc/sys/fs/binfmt_misc, triggered by 423 (systemd-binfmt)
Jan 10 20:39:00 seb-VirtualBox apparmor.systemd[416]: Restarting AppArmor
Jan 10 20:39:00 seb-VirtualBox apparmor.systemd[416]: Reloading AppArmor profiles
Jan 10 20:39:00 seb-VirtualBox systemd[1]: Mounting Arbitrary Executable File Formats File System...
Jan 10 20:39:00 seb-VirtualBox systemd[1]: Finished Set console font and keymap.
Jan 10 20:39:00 seb-VirtualBox systemd[1]: Finished Uncomplicated firewall.
Jan 10 20:39:00 seb-VirtualBox systemd[1]: Reached target Preparation for Network.
Jan 10 20:39:00 seb-VirtualBox systemd[1]: Mounted Arbitrary Executable File Formats File System.
Jan 10 20:39:00 seb-VirtualBox systemd[1]: Finished Set Up Additional Binary Formats.
Jan 10 20:39:00 seb-VirtualBox systemd[1]: Finished Create Volatile Files and Directories.
Jan 10 20:39:00 seb-VirtualBox systemd[1]: Starting Userspace Out-Of-Memory (OOM) Killer...
Jan 10 20:39:00 seb-VirtualBox systemd[1]: Starting Network Name Resolution...
Jan 10 20:39:00 seb-VirtualBox systemd[1]: Starting Network Time Synchronization...
Jan 10 20:39:00 seb-VirtualBox systemd[1]: Starting Record System Boot/Shutdown in UTMP...
Jan 10 20:39:00 seb-VirtualBox systemd[1]: Finished Record System Boot/Shutdown in UTMP.
Jan 10 20:39:00 seb-VirtualBox systemd-udevd[232]: controlC0: Process '/usr/sbin/alsactl -E HOME=/run/alsa -E XDG_RUNTIME_DIR=/run/alsa/runtime restore 0' failed with exit code 99.
Jan 10 20:39:00 seb-VirtualBox systemd[1]: Condition check resulted in Dispatch Password Requests to Console Directory Watch being skipped.
Jan 10 20:39:00 seb-VirtualBox systemd[1]: Starting Load Kernel Module efi_pstore...
Jan 10 20:39:00 seb-VirtualBox systemd[1]: Condition check resulted in Store a System Token in an EFI Variable being skipped.
Jan 10 20:39:00 seb-VirtualBox systemd[1]: Condition check resulted in Commit a transient machine-id on disk being skipped.
Jan 10 20:39:00 seb-VirtualBox systemd[1]: modprobe@efi_pstore.service: Deactivated successfully.
Jan 10 20:39:00 seb-VirtualBox systemd[1]: Finished Load Kernel Module efi_pstore.
Jan 10 20:39:00 seb-VirtualBox systemd[1]: Condition check resulted in Platform Persistent Storage Archival being skipped.
Jan 10 20:39:00 seb-VirtualBox systemd[1]: Started Userspace Out-Of-Memory (OOM) Killer.
Jan 10 20:39:00 seb-VirtualBox systemd[1]: Started Network Time Synchronization.
Jan 10 20:39:00 seb-VirtualBox systemd[1]: Reached target System Time Set.
Jan 10 20:39:00 seb-VirtualBox systemd-resolved[437]: Positive Trust Anchors:
Jan 10 20:39:00 seb-VirtualBox systemd-resolved[437]: . IN DS 20326 8 2 e06d44b80b8f1d39a95c0b0d7c65d08458e880409bbc683457104237c7f8ec8d
Jan 10 20:39:00 seb-VirtualBox systemd-resolved[437]: Negative trust anchors: home.arpa 10.in-addr.arpa 16.172.in-addr.arpa 17.172.in-addr.arpa 18.172.in-addr.arpa 19.172.in-addr.arpa 20.172.in-addr.arpa 21.172.in-addr.arpa 22.172.in-addr.arpa 23.172.in-addr.arpa 24.172.in-addr.arpa 25.172.in-addr.arpa 26.172.in-addr.arpa 27.172.in-addr.arpa 28.172.in-addr.arpa 29.172.in-addr.arpa 30.172.in-addr.arpa 31.172.in-addr.arpa 168.192.in-addr.arpa d.f.ip6.arpa corp home internal intranet lan local private test
Jan 10 20:39:00 seb-VirtualBox systemd-resolved[437]: Using system hostname 'seb-VirtualBox'.
Jan 10 20:39:00 seb-VirtualBox systemd[1]: Started Network Name Resolution.
Jan 10 20:39:00 seb-VirtualBox systemd[1]: Reached target Host and Network Name Lookups.
Jan 10 20:39:00 seb-VirtualBox apparmor.systemd[454]: Skipping profile in /etc/apparmor.d/disable: usr.sbin.rsyslogd
Jan 10 20:39:00 seb-VirtualBox systemd[1]: Finished Load AppArmor profiles.
Jan 10 20:39:00 seb-VirtualBox systemd[1]: Starting Load AppArmor profiles managed internally by snapd...
Jan 10 20:39:00 seb-VirtualBox systemd[1]: Condition check resulted in Authentication service for virtual machines hosted on VMware being skipped.
Jan 10 20:39:00 seb-VirtualBox systemd[1]: Condition check resulted in Service for virtual machines hosted on VMware being skipped.
Jan 10 20:39:00 seb-VirtualBox snapd-apparmor[455]: main.go:124: Loading profiles [/var/lib/snapd/apparmor/profiles/snap-confine.snapd.19457 /var/lib/snapd/apparmor/profiles/snap-update-ns.firefox /var/lib/snapd/apparmor/profiles/snap-update-ns.snap-store /var/lib/snapd/apparmor/profiles/snap-update-ns.snapd-desktop-integration /var/lib/snapd/apparmor/profiles/snap.firefox.firefox /var/lib/snapd/apparmor/profiles/snap.firefox.geckodriver /var/lib/snapd/apparmor/profiles/snap.firefox.hook.configure /var/lib/snapd/apparmor/profiles/snap.firefox.hook.connect-plug-host-hunspell /var/lib/snapd/apparmor/profiles/snap.firefox.hook.disconnect-plug-host-hunspell /var/lib/snapd/apparmor/profiles/snap.firefox.hook.post-refresh /var/lib/snapd/apparmor/profiles/snap.snap-store.hook.configure /var/lib/snapd/apparmor/profiles/snap.snap-store.snap-store /var/lib/snapd/apparmor/profiles/snap.snap-store.ubuntu-software /var/lib/snapd/apparmor/profiles/snap.snap-store.ubuntu-software-local-file /var/lib/snapd/apparmor/profiles/snap.snapd-desktop-integration.hook.configure /var/lib/snapd/apparmor/profiles/snap.snapd-desktop-integration.snapd-desktop-integration]
Jan 10 20:39:00 seb-VirtualBox systemd[1]: Finished Load AppArmor profiles managed internally by snapd.
Jan 10 20:39:00 seb-VirtualBox systemd[1]: Reached target System Initialization.
Jan 10 20:39:00 seb-VirtualBox systemd[1]: Started ACPI Events Check.
Jan 10 20:39:00 seb-VirtualBox systemd[1]: Condition check resulted in Process error reports when automatic reporting is enabled (file watch) being skipped.
Jan 10 20:39:00 seb-VirtualBox systemd[1]: Started CUPS Scheduler.
Jan 10 20:39:00 seb-VirtualBox systemd[1]: Started Start whoopsie on modification of the /var/crash directory.
Jan 10 20:39:00 seb-VirtualBox systemd[1]: Started Trigger anacron every hour.
Jan 10 20:39:00 seb-VirtualBox systemd[1]: Condition check resulted in Process error reports when automatic reporting is enabled (timer based) being skipped.
Jan 10 20:39:00 seb-VirtualBox systemd[1]: Started Daily apt download activities.
Jan 10 20:39:00 seb-VirtualBox systemd[1]: Started Daily apt upgrade and clean activities.
Jan 10 20:39:00 seb-VirtualBox systemd[1]: Started Daily dpkg database backup timer.
Jan 10 20:39:00 seb-VirtualBox systemd[1]: Started Periodic ext4 Online Metadata Check for All Filesystems.
Jan 10 20:39:00 seb-VirtualBox systemd[1]: Started Discard unused blocks once a week.
Jan 10 20:39:00 seb-VirtualBox systemd[1]: Started Refresh fwupd metadata regularly.
Jan 10 20:39:00 seb-VirtualBox systemd[1]: Started Daily rotation of log files.
Jan 10 20:39:00 seb-VirtualBox systemd[1]: Started Daily man-db regeneration.
Jan 10 20:39:00 seb-VirtualBox systemd[1]: Started Message of the Day.
Jan 10 20:39:00 seb-VirtualBox systemd[1]: Condition check resulted in Timer to automatically fetch and run repair assertions being skipped.
Jan 10 20:39:00 seb-VirtualBox systemd[1]: Started Daily Cleanup of Temporary Directories.
Jan 10 20:39:00 seb-VirtualBox systemd[1]: Condition check resulted in Ubuntu Pro Timer for running repeated jobs being skipped.
Jan 10 20:39:00 seb-VirtualBox systemd[1]: Reached target Path Units.
Jan 10 20:39:00 seb-VirtualBox systemd[1]: Listening on ACPID Listen Socket.
Jan 10 20:39:00 seb-VirtualBox systemd[1]: Condition check resulted in Unix socket for apport crash forwarding being skipped.
Jan 10 20:39:00 seb-VirtualBox systemd[1]: Listening on Avahi mDNS/DNS-SD Stack Activation Socket.
Jan 10 20:39:00 seb-VirtualBox systemd[1]: Listening on CUPS Scheduler.
Jan 10 20:39:00 seb-VirtualBox systemd[1]: Listening on D-Bus System Message Bus Socket.
Jan 10 20:39:00 seb-VirtualBox systemd[1]: Starting Socket activation for snappy daemon...
Jan 10 20:39:00 seb-VirtualBox systemd[1]: Listening on UUID daemon activation socket.
Jan 10 20:39:00 seb-VirtualBox systemd[1]: Listening on Socket activation for snappy daemon.
Jan 10 20:39:00 seb-VirtualBox systemd[1]: Reached target Socket Units.
Jan 10 20:39:00 seb-VirtualBox systemd[1]: Reached target Basic System.
Jan 10 20:39:00 seb-VirtualBox systemd[1]: Starting Accounts Service...
Jan 10 20:39:00 seb-VirtualBox systemd[1]: Started ACPI event daemon.
Jan 10 20:39:00 seb-VirtualBox systemd[1]: Started Run anacron jobs.
Jan 10 20:39:00 seb-VirtualBox systemd[1]: Starting LSB: automatic crash report generation...
Jan 10 20:39:00 seb-VirtualBox systemd[1]: Starting Avahi mDNS/DNS-SD Stack...
Jan 10 20:39:00 seb-VirtualBox anacron[485]: Anacron 2.3 started on 2024-01-10
Jan 10 20:39:00 seb-VirtualBox systemd[1]: Started Regular background program processing daemon.
Jan 10 20:39:00 seb-VirtualBox systemd[1]: Started D-Bus System Message Bus.
Jan 10 20:39:00 seb-VirtualBox anacron[485]: Will run job `cron.daily' in 5 min.
Jan 10 20:39:00 seb-VirtualBox anacron[485]: Will run job `cron.weekly' in 10 min.
Jan 10 20:39:00 seb-VirtualBox anacron[485]: Will run job `cron.monthly' in 15 min.
Jan 10 20:39:00 seb-VirtualBox anacron[485]: Jobs will be executed sequentially
Jan 10 20:39:00 seb-VirtualBox systemd[1]: Starting Network Manager...
Jan 10 20:39:00 seb-VirtualBox cron[488]: (CRON) INFO (pidfile fd = 3)
Jan 10 20:39:00 seb-VirtualBox systemd[1]: Started Save initial kernel messages after boot.
Jan 10 20:39:00 seb-VirtualBox systemd[1]: Starting Remove Stale Online ext4 Metadata Check Snapshots...
Jan 10 20:39:00 seb-VirtualBox systemd[1]: Condition check resulted in getty on tty2-tty6 if dbus and logind are not available being skipped.
Jan 10 20:39:00 seb-VirtualBox systemd[1]: Reached target Login Prompts.
Jan 10 20:39:00 seb-VirtualBox systemd[1]: Starting Detect the available GPUs and deal with any system changes...
Jan 10 20:39:00 seb-VirtualBox cron[488]: (CRON) INFO (Running @reboot jobs)
Jan 10 20:39:00 seb-VirtualBox systemd[1]: Starting Record successful boot for GRUB...
Jan 10 20:39:00 seb-VirtualBox systemd[1]: Started irqbalance daemon.
Jan 10 20:39:00 seb-VirtualBox systemd[1]: Starting Dispatcher daemon for systemd-networkd...
Jan 10 20:39:00 seb-VirtualBox systemd[1]: Starting Authorization Manager...
Jan 10 20:39:00 seb-VirtualBox acpid: starting up with netlink and the input layer
Jan 10 20:39:00 seb-VirtualBox systemd[1]: Starting Power Profiles daemon...
Jan 10 20:39:00 seb-VirtualBox systemd[1]: Starting System Logging Service...
Jan 10 20:39:00 seb-VirtualBox systemd[1]: Condition check resulted in Secure Boot updates for DB and DBX being skipped.
Jan 10 20:39:00 seb-VirtualBox avahi-daemon[487]: Found user 'avahi' (UID 114) and group 'avahi' (GID 121).
Jan 10 20:39:00 seb-VirtualBox systemd[1]: Started Userspace listener for prompt events.
Jan 10 20:39:00 seb-VirtualBox systemd[1]: Condition check resulted in Automatically repair incorrect owner/permissions on core devices being skipped.
Jan 10 20:39:00 seb-VirtualBox systemd[1]: Condition check resulted in Wait for the Ubuntu Core chooser trigger being skipped.
Jan 10 20:39:00 seb-VirtualBox systemd[1]: Reached target Preparation for Logins.
Jan 10 20:39:00 seb-VirtualBox systemd[1]: Starting Snap Daemon...
Jan 10 20:39:00 seb-VirtualBox systemd[1]: Starting Switcheroo Control Proxy service...
Jan 10 20:39:00 seb-VirtualBox systemd[1]: Starting User Login Management...
Jan 10 20:39:00 seb-VirtualBox systemd[1]: Condition check resulted in Thermal Daemon Service being skipped.
Jan 10 20:39:00 seb-VirtualBox systemd[1]: Condition check resulted in Ubuntu Pro reboot cmds being skipped.
Jan 10 20:39:00 seb-VirtualBox systemd[1]: Starting Disk Manager...
Jan 10 20:39:00 seb-VirtualBox systemd[1]: Starting WPA supplicant...
Jan 10 20:39:00 seb-VirtualBox avahi-daemon[487]: Successfully dropped root privileges.
Jan 10 20:39:00 seb-VirtualBox avahi-daemon[487]: avahi-daemon 0.8 starting up.
Jan 10 20:39:00 seb-VirtualBox /usr/sbin/irqbalance: Balancing is ineffective on systems with a single cpu.  Shutting down
Jan 10 20:39:00 seb-VirtualBox systemd[1]: irqbalance.service: Deactivated successfully.
Jan 10 20:39:00 seb-VirtualBox acpid: 8 rules loaded
Jan 10 20:39:00 seb-VirtualBox acpid: waiting for events: event logging is off
Jan 10 20:39:00 seb-VirtualBox udisksd[506]: udisks daemon version 2.9.4 starting
Jan 10 20:39:00 seb-VirtualBox rsyslogd: imuxsock: Acquired UNIX socket '/run/systemd/journal/syslog' (fd 3) from systemd.  [v8.2112.0]
Jan 10 20:39:00 seb-VirtualBox rsyslogd: rsyslogd's groupid changed to 111
Jan 10 20:39:00 seb-VirtualBox rsyslogd: rsyslogd's userid changed to 104
Jan 10 20:39:00 seb-VirtualBox rsyslogd: [origin software="rsyslogd" swVersion="8.2112.0" x-pid="500" x-info="https://www.rsyslog.com"] start
Jan 10 20:39:00 seb-VirtualBox systemd[1]: Started System Logging Service.
Jan 10 20:39:00 seb-VirtualBox systemd[1]: grub-common.service: Deactivated successfully.
Jan 10 20:39:00 seb-VirtualBox systemd[1]: Finished Record successful boot for GRUB.
Jan 10 20:39:00 seb-VirtualBox systemd[1]: Starting GRUB failed boot detection...
Jan 10 20:39:01 seb-VirtualBox systemd[1]: grub-initrd-fallback.service: Deactivated successfully.
Jan 10 20:39:01 seb-VirtualBox systemd[1]: Finished GRUB failed boot detection.
Jan 10 20:39:01 seb-VirtualBox apport[486]:  * Starting automatic crash report generation: apport
Jan 10 20:39:01 seb-VirtualBox dbus-daemon[489]: dbus[489]: Unknown group "power" in message bus configuration file
Jan 10 20:39:01 seb-VirtualBox apport[486]:    ...done.
Jan 10 20:39:01 seb-VirtualBox systemd[1]: Started LSB: automatic crash report generation.
Jan 10 20:39:01 seb-VirtualBox snapd-aa-prompt-listener[502]: AA Prompt listener not implemented
Jan 10 20:39:01 seb-VirtualBox systemd[1]: snapd.aa-prompt-listener.service: Deactivated successfully.
Jan 10 20:39:01 seb-VirtualBox NetworkManager[490]: <info>  [1704890341.9344] NetworkManager (version 1.36.6) is starting... (for the first time)
Jan 10 20:39:01 seb-VirtualBox NetworkManager[490]: <info>  [1704890341.9401] Read config: /etc/NetworkManager/NetworkManager.conf (lib: 10-dns-resolved.conf, 20-connectivity-ubuntu.conf, no-mac-addr-change.conf) (run: 10-globally-managed-devices.conf) (etc: default-wifi-powersave-on.conf)
Jan 10 20:39:02 seb-VirtualBox dbus-daemon[489]: [system] AppArmor D-Bus mediation is enabled
Jan 10 20:39:02 seb-VirtualBox systemd[1]: Started User Login Management.
Jan 10 20:39:02 seb-VirtualBox dbus-daemon[489]: [system] Successfully activated service 'org.freedesktop.systemd1'
Jan 10 20:39:02 seb-VirtualBox systemd[1]: Started Avahi mDNS/DNS-SD Stack.
Jan 10 20:39:02 seb-VirtualBox systemd[1]: Started WPA supplicant.
Jan 10 20:39:02 seb-VirtualBox avahi-daemon[487]: Successfully called chroot().
Jan 10 20:39:02 seb-VirtualBox avahi-daemon[487]: Successfully dropped remaining capabilities.
Jan 10 20:39:02 seb-VirtualBox systemd[1]: gpu-manager.service: Deactivated successfully.
Jan 10 20:39:02 seb-VirtualBox systemd[1]: Finished Detect the available GPUs and deal with any system changes.
Jan 10 20:39:02 seb-VirtualBox dbus-daemon[489]: [system] Activating via systemd: service name='org.freedesktop.PolicyKit1' unit='polkit.service' requested by ':1.7' (uid=0 pid=499 comm="/usr/libexec/power-profiles-daemon " label="unconfined")
Jan 10 20:39:02 seb-VirtualBox systemd[1]: Started Switcheroo Control Proxy service.
Jan 10 20:39:02 seb-VirtualBox systemd[1]: Condition check resulted in Manage Sound Card State (restore and store) being skipped.
Jan 10 20:39:02 seb-VirtualBox NetworkManager[490]: <info>  [1704890342.0401] bus-manager: acquired D-Bus service "org.freedesktop.NetworkManager"
Jan 10 20:39:02 seb-VirtualBox wpa_supplicant[507]: Successfully initialized wpa_supplicant
Jan 10 20:39:02 seb-VirtualBox systemd[1]: Starting Save/Restore Sound Card State...
Jan 10 20:39:02 seb-VirtualBox systemd[1]: Started Network Manager.
Jan 10 20:39:02 seb-VirtualBox systemd[1]: Reached target Network.
Jan 10 20:39:02 seb-VirtualBox avahi-daemon[487]: No service file found in /etc/avahi/services.
Jan 10 20:39:02 seb-VirtualBox alsactl[591]: /usr/sbin/alsactl: load_state:1689: Cannot open /var/lib/alsa/asound.state for reading: No such file or directory
Jan 10 20:39:02 seb-VirtualBox alsactl[591]: alsa-lib main.c:1412:(snd_use_case_mgr_open) error: failed to import hw:0 use case configuration -2
Jan 10 20:39:02 seb-VirtualBox avahi-daemon[487]: Joining mDNS multicast group on interface lo.IPv6 with address ::1.
Jan 10 20:39:02 seb-VirtualBox avahi-daemon[487]: New relevant interface lo.IPv6 for mDNS.
Jan 10 20:39:02 seb-VirtualBox avahi-daemon[487]: Joining mDNS multicast group on interface lo.IPv4 with address 127.0.0.1.
Jan 10 20:39:02 seb-VirtualBox avahi-daemon[487]: New relevant interface lo.IPv4 for mDNS.
Jan 10 20:39:02 seb-VirtualBox avahi-daemon[487]: Network interface enumeration completed.
Jan 10 20:39:02 seb-VirtualBox avahi-daemon[487]: Registering new address record for ::1 on lo.*.
Jan 10 20:39:02 seb-VirtualBox avahi-daemon[487]: Registering new address record for 127.0.0.1 on lo.IPv4.
Jan 10 20:39:02 seb-VirtualBox systemd[1]: Starting Network Manager Wait Online...
Jan 10 20:39:02 seb-VirtualBox alsactl[591]: Found hardware: "ICH" "Analog Devices AD1980" "AC97a:41445370" "0x1028" "0x0177"
Jan 10 20:39:02 seb-VirtualBox alsactl[591]: Hardware is initialized using a generic method
Jan 10 20:39:02 seb-VirtualBox systemd[1]: Starting CUPS Scheduler...
Jan 10 20:39:02 seb-VirtualBox systemd[1]: Starting OpenVPN service...
Jan 10 20:39:02 seb-VirtualBox systemd[1]: Starting Permit User Sessions...
Jan 10 20:39:02 seb-VirtualBox polkitd[498]: started daemon version 0.105 using authority implementation `local' version `0.105'
Jan 10 20:39:02 seb-VirtualBox dbus-daemon[489]: [system] Successfully activated service 'org.freedesktop.PolicyKit1'
Jan 10 20:39:02 seb-VirtualBox systemd[1]: Started Unattended Upgrades Shutdown.
Jan 10 20:39:02 seb-VirtualBox systemd[1]: Finished Save/Restore Sound Card State.
Jan 10 20:39:02 seb-VirtualBox systemd[1]: Started Authorization Manager.
Jan 10 20:39:02 seb-VirtualBox systemd[1]: Started Power Profiles daemon.
Jan 10 20:39:02 seb-VirtualBox systemd[1]: Reached target Sound Card.
Jan 10 20:39:02 seb-VirtualBox systemd[1]: Starting Modem Manager...
Jan 10 20:39:02 seb-VirtualBox systemd[1]: Finished Permit User Sessions.
Jan 10 20:39:02 seb-VirtualBox systemd[1]: Starting GNOME Display Manager...
Jan 10 20:39:02 seb-VirtualBox systemd[1]: Starting Hold until boot process finishes up...
Jan 10 20:39:02 seb-VirtualBox systemd[1]: Finished OpenVPN service.
Jan 10 20:39:02 seb-VirtualBox NetworkManager[490]: <info>  [1704890342.2020] manager[0x557bab04b040]: monitoring kernel firmware directory '/lib/firmware'.
Jan 10 20:39:02 seb-VirtualBox NetworkManager[490]: <info>  [1704890342.2022] monitoring ifupdown state file '/run/network/ifstate'.
Jan 10 20:39:02 seb-VirtualBox dbus-daemon[489]: [system] Activating via systemd: service name='org.freedesktop.hostname1' unit='dbus-org.freedesktop.hostname1.service' requested by ':1.12' (uid=0 pid=490 comm="/usr/sbin/NetworkManager --no-daemon " label="unconfined")
Jan 10 20:39:02 seb-VirtualBox systemd[1]: Starting Hostname Service...
Jan 10 20:39:02 seb-VirtualBox dbus-daemon[489]: [system] Successfully activated service 'org.freedesktop.hostname1'
Jan 10 20:39:02 seb-VirtualBox systemd[1]: Started Hostname Service.
Jan 10 20:39:02 seb-VirtualBox NetworkManager[490]: <info>  [1704890342.5111] hostname: hostname: using hostnamed
Jan 10 20:39:02 seb-VirtualBox NetworkManager[490]: <info>  [1704890342.5111] hostname: static hostname changed from (none) to "seb-VirtualBox"
Jan 10 20:39:02 seb-VirtualBox NetworkManager[490]: <info>  [1704890342.5425] dns-mgr[0x557bab0282a0]: init: dns=systemd-resolved rc-manager=unmanaged (auto), plugin=systemd-resolved
Jan 10 20:39:02 seb-VirtualBox NetworkManager[490]: <info>  [1704890342.5613] manager[0x557bab04b040]: rfkill: Wi-Fi hardware radio set enabled
Jan 10 20:39:02 seb-VirtualBox NetworkManager[490]: <info>  [1704890342.5613] manager[0x557bab04b040]: rfkill: WWAN hardware radio set enabled
Jan 10 20:39:02 seb-VirtualBox ModemManager[598]: <info>  ModemManager (version 1.20.0) starting in system bus...
Jan 10 20:39:02 seb-VirtualBox NetworkManager[490]: <info>  [1704890342.7279] Loaded device plugin: NMBluezManager (/usr/lib/x86_64-linux-gnu/NetworkManager/1.36.6/libnm-device-plugin-bluetooth.so)
Jan 10 20:39:02 seb-VirtualBox NetworkManager[490]: <info>  [1704890342.7814] Loaded device plugin: NMWifiFactory (/usr/lib/x86_64-linux-gnu/NetworkManager/1.36.6/libnm-device-plugin-wifi.so)
Jan 10 20:39:02 seb-VirtualBox NetworkManager[490]: <info>  [1704890342.8275] Loaded device plugin: NMAtmManager (/usr/lib/x86_64-linux-gnu/NetworkManager/1.36.6/libnm-device-plugin-adsl.so)
Jan 10 20:39:02 seb-VirtualBox udisksd[506]: failed to load module mdraid: libbd_mdraid.so.2: cannot open shared object file: No such file or directory
Jan 10 20:39:02 seb-VirtualBox NetworkManager[490]: <info>  [1704890342.8819] Loaded device plugin: NMTeamFactory (/usr/lib/x86_64-linux-gnu/NetworkManager/1.36.6/libnm-device-plugin-team.so)
Jan 10 20:39:02 seb-VirtualBox NetworkManager[490]: <info>  [1704890342.8978] Loaded device plugin: NMWwanFactory (/usr/lib/x86_64-linux-gnu/NetworkManager/1.36.6/libnm-device-plugin-wwan.so)
Jan 10 20:39:02 seb-VirtualBox NetworkManager[490]: <info>  [1704890342.9002] manager: rfkill: Wi-Fi enabled by radio killswitch; enabled by state file
Jan 10 20:39:02 seb-VirtualBox NetworkManager[490]: <info>  [1704890342.9008] manager: rfkill: WWAN enabled by radio killswitch; enabled by state file
